*ï¿½ets Jul 29 2019 12:21:46

rst:0x1 (POWERON_RESET),boot:0x13 (SPI_FAST_FLASH_BOOT)
configsip: 0, SPIWP:0xee
clk_drv:0x00,q_drv:0x00,d_drv:0x00,cs0_drv:0x00,hd_drv:0x00,wp_drv:0x00
mode:DIO, clock div:2
load:0x3fff0030,len:7172
load:0x40078000,len:15540
load:0x40080400,len:4
ho 8 tail 4 room 4
load:0x40080404,len:3904
entry 0x40080640
[0;32mI (31) boot: ESP-IDF v5.2.1-dirty 2nd stage bootloader[0m
[0;32mI (31) boot: compile time Mar 15 2025 15:13:09[0m
[0;32mI (31) boot: Multicore bootloader[0m
[0;32mI (36) boot: chip revision: v3.1[0m
[0;32mI (40) boot.esp32: SPI Speed      : 40MHz[0m
[0;32mI (44) boot.esp32: SPI Mode       : DIO[0m
[0;32mI (49) boot.esp32: SPI Flash Size : 2MB[0m
[0;32mI (53) boot: Enabling RNG early entropy source...[0m
[0;32mI (59) boot: Partition Table:[0m
[0;32mI (62) boot: ## Label            Usage          Type ST Offset   Length[0m
[0;32mI (70) boot:  0 nvs              WiFi data        01 02 00009000 00006000[0m
[0;32mI (77) boot:  1 phy_init         RF data          01 01 0000f000 00001000[0m
[0;32mI (85) boot:  2 factory          factory app      00 00 00010000 00100000[0m
[0;32mI (92) boot: End of partition table[0m
[0;32mI (96) esp_image: segment 0: paddr=00010020 vaddr=3f400020 size=0f704h ( 63236) map[0m
[0;32mI (126) esp_image: segment 1: paddr=0001f72c vaddr=3ffb0000 size=008ech (  2284) load[0m
[0;32mI (128) esp_image: segment 2: paddr=00020020 vaddr=400d0020 size=264f8h (156920) map[0m
[0;32mI (186) esp_image: segment 3: paddr=00046520 vaddr=3ffb08ec size=02090h (  8336) load[0m
[0;32mI (189) esp_image: segment 4: paddr=000485b8 vaddr=40080000 size=0e480h ( 58496) load[0m
[0;32mI (222) boot: Loaded app from partition at offset 0x10000[0m
[0;32mI (222) boot: Disabling RNG early entropy source...[0m
[0;32mI (233) cpu_start: Multicore app[0m
[0;32mI (242) cpu_start: Pro cpu start user code[0m
[0;32mI (242) cpu_start: cpu freq: 160000000 Hz[0m
[0;32mI (242) cpu_start: Application information:[0m
[0;32mI (245) cpu_start: Project name:     keypad_lcd_demo[0m
[0;32mI (251) cpu_start: App version:      1[0m
[0;32mI (255) cpu_start: Compile time:     Mar 15 2025 15:13:00[0m
[0;32mI (261) cpu_start: ELF file SHA256:  962201a81...[0m
[0;32mI (267) cpu_start: ESP-IDF:          v5.2.1-dirty[0m
[0;32mI (272) cpu_start: Min chip rev:     v0.0[0m
[0;32mI (277) cpu_start: Max chip rev:     v3.99 [0m
[0;32mI (282) cpu_start: Chip rev:         v3.1[0m
[0;32mI (287) heap_init: Initializing. RAM available for dynamic allocation:[0m
[0;32mI (294) heap_init: At 3FFAE6E0 len 00001920 (6 KiB): DRAM[0m
[0;32mI (300) heap_init: At 3FFB32E0 len 0002CD20 (179 KiB): DRAM[0m
[0;32mI (306) heap_init: At 3FFE0440 len 00003AE0 (14 KiB): D/IRAM[0m
[0;32mI (312) heap_init: At 3FFE4350 len 0001BCB0 (111 KiB): D/IRAM[0m
[0;32mI (319) heap_init: At 4008E480 len 00011B80 (70 KiB): IRAM[0m
[0;32mI (326) spi_flash: detected chip: generic[0m
[0;32mI (330) spi_flash: flash io: dio[0m
[0;33mW (334) spi_flash: Detected size(4096k) larger than the size in the binary image header(2048k). Using the size in the binary image header.[0m
[0;33mW (347) i2c: This driver is an old driver, please migrate your application code to adapt `driver/i2c_master.h`[0m
[0;32mI (358) main_task: Started on CPU0[0m
[0;32mI (368) main_task: Calling app_main()[0m
[0;32mI (368) Main: Starting application[0m
[0;32mI (408) Main: NVS Flash initialized[0m
[0;32mI (408) I2C: Initialized I2C on port 0, SDA: 21, SCL: 22[0m
[0;32mI (408) LCD: Initializing LCD at address 0x27[0m
[0;32mI (718) Keypad: Initialized keypad on I2C port 0, address 0x23[0m
[0;32mI (718) RTC: Initializing DS1307 RTC[0m
[0;32mI (728) RTC: DS1307 detected on I2C bus, control register: 0x00[0m
[0;32mI (728) RTC: DS1307 clock is running normally[0m
[0;32mI (728) RTC: DS1307 RTC initialized successfully, using hardware RTC[0m
[0;32mI (728) RTC: Current time: 12:00:00, Date: 01/01/2023, Day: 1[0m
[0;32mI (738) SplashTask: Took semaphore for splash screen[0m
[0;32mI (748) Storage: Loading parameter 01.Time: from hardware RTC[0m
[0;32mI (748) Main: Tasks created, entering idle[0m
[0;32mI (758) RTC: Loaded time: 12:43[0m
[0;32mI (758) Storage: Loading parameter 02.Date: from hardware RTC[0m
[0;32mI (778) RTC: Loaded date: 18/03/25[0m
[0;32mI (778) Storage: Loading parameter 03.Hi Volt: from EEPROM[0m
[0;32mI (778) Keypad: Loaded 04.Lo Volt:: 180.0 from NVS[0m
[0;32mI (788) Keypad: Loaded 05.R-Low A:: 1.0 from NVS[0m
[0;32mI (788) Keypad: Loaded 06.Y-Low A:: 1.0 from NVS[0m
[0;32mI (798) Keypad: Loaded 07.B-Low A:: 1.0 from NVS[0m
[0;32mI (798) Keypad: Loaded 08.OC %:: 25 from NVS[0m
[0;32mI (808) Keypad: Loaded 09.Alarm:: Disable from NVS[0m
[0;32mI (808) Keypad: Loaded 10.Protect:: ALL  from NVS[0m
[0;32mI (818) Keypad: Loaded 11.Rotate:: Disable from NVS[0m
[0;32mI (818) Keypad: Loaded 12.R On Tm:: 00:00 from NVS[0m
[0;32mI (828) Keypad: Loaded 13.Y On Tm:: 00:00 from NVS[0m
[0;32mI (828) Keypad: Loaded 14.B On Tm:: 00:00 from NVS[0m
[0;32mI (838) Keypad: Loaded 15.R OffTm:: 00:00 from NVS[0m
[0;32mI (838) Keypad: Loaded 16.Y OffTm:: 00:00 from NVS[0m
[0;32mI (848) Keypad: Loaded 17.B OffTm:: 00:00 from NVS[0m
[0;32mI (848) Keypad: Loaded 18.BackSet:: 0 from NVS[0m
[0;32mI (858) Keypad: Loaded 19.BackRise:: 0 from NVS[0m
[0;32mI (858) Keypad: Loaded 20.JanDusk:: 00:00 from NVS[0m
[0;32mI (868) Keypad: Loaded 21.JanDawn:: 00:00 from NVS[0m
[0;32mI (878) Keypad: Loaded 22.DecDusk:: 00:00 from NVS[0m
[0;32mI (878) Keypad: Loaded 23.DecDawn:: 00:00 from NVS[0m
[0;32mI (888) Keypad: Loaded 24.Password:: 00000000 from NVS[0m
[0;32mI (888) Keypad: Loaded 25.PassED:: Disable from NVS[0m
[0;32mI (2968) SplashTask: Released semaphore after splash screen[0m
[0;32mI (3698) Keypad: Detected 'A' (Raw: 0x7E)[0m
[0;32mI (5808) Keypad: Detected '1' (Raw: 0xEE)[0m
[0;32mI (9658) Keypad: Detected '3' (Raw: 0xBE)[0m
[0;32mI (12108) Keypad: Detected '4' (Raw: 0xED)[0m
[0;32mI (14058) Keypad: Detected '3' (Raw: 0xBE)[0m
[0;32mI (15568) Keypad: Detected '#' (Raw: 0xB7)[0m
[0;32mI (15618) Storage: Storing parameter 01.Time: to hardware RTC[0m
[0;32mI (15618) RTC: Updated time to 13:43[0m
[0;32mI (17938) Keypad: Detected '1' (Raw: 0xEE)[0m
[0;32mI (19238) Keypad: Detected '2' (Raw: 0xDE)[0m
[0;32mI (22388) Keypad: Detected '4' (Raw: 0xED)[0m
[0;32mI (23288) Keypad: Detected '1' (Raw: 0xEE)[0m
[0;32mI (24398) Keypad: Detected '#' (Raw: 0xB7)[0m
[0;32mI (24448) Storage: Storing parameter 01.Time: to hardware RTC[0m
[0;32mI (24448) RTC: Updated time to 12:41[0m
[0;32mI (27568) Keypad: Detected 'B' (Raw: 0x7D)[0m
[0;32mI (30438) Keypad: Detected '1' (Raw: 0xEE)[0m
[0;32mI (32948) Keypad: Detected '#' (Raw: 0xB7)[0m
[0;32mI (36478) Keypad: Detected '0' (Raw: 0xD7)[0m
[0;32mI (37638) Keypad: Detected '#' (Raw: 0xB7)[0m
[0;32mI (39918) Keypad: Detected 'C' (Raw: 0x7B)[0m
[0;32mI (42028) Keypad: Detected 'B' (Raw: 0x7D)[0m
[0;32mI (43648) Keypad: Detected 'B' (Raw: 0x7D)[0m
[0;32mI (46468) Keypad: Detected '0' (Raw: 0xD7)[0m
[0;32mI (48618) Keypad: Detected '1' (Raw: 0xEE)[0m
[0;32mI (50118) Keypad: Detected '2' (Raw: 0xDE)[0m
[0;32mI (51268) Keypad: Detected '3' (Raw: 0xBE)[0m
[0;32mI (52568) Keypad: Detected '4' (Raw: 0xED)[0m
[0;32mI (53528) Keypad: Detected '5' (Raw: 0xDD)[0m
[0;32mI (54438) Keypad: Detected '6' (Raw: 0xBD)[0m
[0;32mI (55298) Keypad: Detected '7' (Raw: 0xEB)[0m
[0;32mI (58558) Keypad: Detected '9' (Raw: 0xBB)[0m
[0;32mI (60008) Keypad: Detected '#' (Raw: 0xB7)[0m
[0;32mI (63988) Keypad: Detected 'B' (Raw: 0x7D)[0m
[0;32mI (66208) Keypad: Detected 'A' (Raw: 0x7E)[0m
[0;32mI (69058) Keypad: Detected 'A' (Raw: 0x7E)[0m
[0;32mI (71968) Keypad: Detected 'B' (Raw: 0x7D)[0m
[0;32mI (74238) Keypad: Detected '1' (Raw: 0xEE)[0m
[0;32mI (75348) Keypad: Detected '#' (Raw: 0xB7)[0m
[0;32mI (78878) Keypad: Detected 'A' (Raw: 0x7E)[0m
[0;32mI (81928) Keypad: Detected 'A' (Raw: 0x7E)[0m
[0;32mI (83888) Keypad: Detected '0' (Raw: 0xD7)[0m
[0;32mI (84388) Keypad: Detected '1' (Raw: 0xEE)[0m
[0;32mI (85738) Keypad: Detected '2' (Raw: 0xDE)[0m
[0;32mI (86738) Keypad: Detected '3' (Raw: 0xBE)[0m
[0;32mI (87388) Keypad: Detected '4' (Raw: 0xED)[0m
[0;32mI (88288) Keypad: Detected '5' (Raw: 0xDD)[0m
[0;32mI (88888) Keypad: Detected '6' (Raw: 0xBD)[0m
[0;32mI (89488) Keypad: Detected '7' (Raw: 0xEB)[0m
[0;32mI (90638) Keypad: Detected '#' (Raw: 0xB7)[0m
[0;32mI (104908) Keypad: Detected 'B' (Raw: 0x7D)[0m
[0;32mI (106478) Keypad: Detected 'C' (Raw: 0x7B)[0m
[0;32mI (107188) Keypad: Detected 'C' (Raw: 0x7B)[0m
[0;32mI (110198) Keypad: Detected '1' (Raw: 0xEE)[0m
[0;32mI (112198) Keypad: Detected '7' (Raw: 0xEB)[0m
[0;32mI (113398) Keypad: Detected '0' (Raw: 0xD7)[0m
[0;32mI (114698) Keypad: Detected '3' (Raw: 0xBE)[0m
[0;32mI (116158) Keypad: Detected '2' (Raw: 0xDE)[0m
[0;32mI (117718) Keypad: Detected '5' (Raw: 0xDD)[0m
[0;32mI (119178) Keypad: Detected '#' (Raw: 0xB7)[0m
[0;32mI (119228) Storage: Storing parameter 02.Date: to hardware RTC[0m
[0;32mI (119228) Storage: Stored date: 17/03/25[0m
[0;32mI (122898) Keypad: Detected 'C' (Raw: 0x7B)[0m
[0;32mI (5985578) Keypad: Detected 'A' (Raw: 0x7E)[0m
[0;32mI (5988448) Keypad: Detected '0' (Raw: 0xD7)[0m
[0;32mI (5989448) Keypad: Detected '1' (Raw: 0xEE)[0m
[0;32mI (5990448) Keypad: Detected '2' (Raw: 0xDE)[0m
[0;32mI (5991748) Keypad: Detected '3' (Raw: 0xBE)[0m
[0;32mI (5992698) Keypad: Detected '4' (Raw: 0xED)[0m
[0;32mI (5993498) Keypad: Detected '5' (Raw: 0xDD)[0m
[0;32mI (5994198) Keypad: Detected '6' (Raw: 0xBD)[0m
[0;32mI (5995098) Keypad: Detected '7' (Raw: 0xEB)[0m
[0;32mI (5997598) Keypad: Detected '#' (Raw: 0xB7)[0m
[0;32mI (6010668) Keypad: Detected 'B' (Raw: 0x7D)[0m
[0;32mI (6012238) Keypad: Detected 'C' (Raw: 0x7B)[0m
[0;32mI (6012898) Keypad: Detected 'C' (Raw: 0x7B)[0m
[0;32mI (6013758) Keypad: Detected 'C' (Raw: 0x7B)[0m
[0;32mI (6015228) Keypad: Detected 'B' (Raw: 0x7D)[0m
[0;32mI (6016238) Keypad: Detected 'B' (Raw: 0x7D)[0m
ets Jul 29 2019 12:21:46

rst:0x1 (POWERON_RESET),boot:0x13 (SPI_FAST_FLASH_BOOT)
configsip: 0, SPIWP:0xee
clk_drv:0x00,q_drv:0x00,d_drv:0x00,cs0_drv:0x00,hd_drv:0x00,wp_drv:0x00
mode:DIO, clock div:2
load:0x3fff0030,len:7172
load:0x40078000,len:15540
load:0x40080400,len:4
ho 8 tail 4 room 4
load:0x40080404,len:3904
entry 0x40080640
[0;32mI (31) boot: ESP-IDF v5.2.1-dirty 2nd stage bootloader[0m
[0;32mI (31) boot: compile time Mar 15 2025 15:13:09[0m
[0;32mI (31) boot: Multicore bootloader[0m
[0;32mI (36) boot: chip revision: v3.1[0m
[0;32mI (40) boot.esp32: SPI Speed      : 40MHz[0m
[0;32mI (44) boot.esp32: SPI Mode       : DIO[0m
[0;32mI (49) boot.esp32: SPI Flash Size : 2MB[0m
[0;32mI (53) boot: Enabling RNG early entropy source...[0m
[0;32mI (59) boot: Partition Table:[0m
[0;32mI (62) boot: ## Label            Usage          Type ST Offset   Length[0m
[0;32mI (70) boot:  0 nvs              WiFi data        01 02 00009000 00006000[0m
[0;32mI (77) boot:  1 phy_init         RF data          01 01 0000f000 00001000[0m
[0;32mI (85) boot:  2 factory          factory app      00 00 00010000 00100000[0m
[0;32mI (92) boot: End of partition table[0m
[0;32mI (96) esp_image: segment 0: paddr=00010020 vaddr=3f400020 size=0f704h ( 63236) map[0m
[0;32mI (126) esp_image: segment 1: paddr=0001f72c vaddr=3ffb0000 size=008ech (  2284) load[0m
[0;32mI (128) esp_image: segment 2: paddr=00020020 vaddr=400d0020 size=264f8h (156920) map[0m
[0;32mI (186) esp_image: segment 3: paddr=00046520 vaddr=3ffb08ec size=02090h (  8336) load[0m
[0;32mI (189) esp_image: segment 4: paddr=000485b8 vaddr=40080000 size=0e480h ( 58496) load[0m
[0;32mI (222) boot: Loaded app from partition at offset 0x10000[0m
[0;32mI (222) boot: Disabling RNG early entropy source...[0m
[0;32mI (233) cpu_start: Multicore app[0m
[0;32mI (242) cpu_start: Pro cpu start user code[0m
[0;32mI (242) cpu_start: cpu freq: 160000000 Hz[0m
[0;32mI (242) cpu_start: Application information:[0m
[0;32mI (245) cpu_start: Project name:     keypad_lcd_demo[0m
[0;32mI (251) cpu_start: App version:      1[0m
[0;32mI (255) cpu_start: Compile time:     Mar 15 2025 15:13:00[0m
[0;32mI (261) cpu_start: ELF file SHA256:  962201a81...[0m
[0;32mI (267) cpu_start: ESP-IDF:          v5.2.1-dirty[0m
[0;32mI (272) cpu_start: Min chip rev:     v0.0[0m
[0;32mI (277) cpu_start: Max chip rev:     v3.99 [0m
[0;32mI (282) cpu_start: Chip rev:         v3.1[0m
[0;32mI (287) heap_init: Initializing. RAM available for dynamic allocation:[0m
[0;32mI (294) heap_init: At 3FFAE6E0 len 00001920 (6 KiB): DRAM[0m
[0;32mI (300) heap_init: At 3FFB32E0 len 0002CD20 (179 KiB): DRAM[0m
[0;32mI (306) heap_init: At 3FFE0440 len 00003AE0 (14 KiB): D/IRAM[0m
[0;32mI (312) heap_init: At 3FFE4350 len 0001BCB0 (111 KiB): D/IRAM[0m
[0;32mI (319) heap_init: At 4008E480 len 00011B80 (70 KiB): IRAM[0m
[0;32mI (326) spi_flash: detected chip: generic[0m
[0;32mI (330) spi_flash: flash io: dio[0m
[0;33mW (334) spi_flash: Detected size(4096k) larger than the size in the binary image header(2048k). Using the size in the binary image header.[0m
[0;33mW (347) i2c: This driver is an old driver, please migrate your application code to adapt `driver/i2c_master.h`[0m
[0;32mI (358) main_task: Started on CPU0[0m
[0;32mI (368) main_task: Calling app_main()[0m
[0;32mI (368) Main: Starting application[0m
[0;32mI (408) Main: NVS Flash initialized[0m
[0;32mI (408) I2C: Initialized I2C on port 0, SDA: 21, SCL: 22[0m
[0;32mI (408) LCD: Initializing LCD at address 0x27[0m
[0;32mI (718) Keypad: Initialized keypad on I2C port 0, address 0x23[0m
[0;32mI (718) RTC: Initializing DS1307 RTC[0m
[0;32mI (728) RTC: DS1307 detected on I2C bus, control register: 0x00[0m
[0;32mI (728) RTC: DS1307 clock is running normally[0m
[0;32mI (728) RTC: DS1307 RTC initialized successfully, using hardware RTC[0m
[0;32mI (728) RTC: Current time: 12:00:00, Date: 01/01/2023, Day: 1[0m
[0;32mI (738) SplashTask: Took semaphore for splash screen[0m
[0;32mI (748) Storage: Loading parameter 01.Time: from hardware RTC[0m
[0;32mI (748) Main: Tasks created, entering idle[0m
[0;32mI (758) RTC: Loaded time: 14:21[0m
[0;32mI (758) Storage: Loading parameter 02.Date: from hardware RTC[0m
[0;32mI (778) RTC: Loaded date: 17/03/25[0m
[0;32mI (778) Storage: Loading parameter 03.Hi Volt: from EEPROM[0m
[0;32mI (778) Keypad: Loaded 04.Lo Volt:: 180.0 from NVS[0m
[0;32mI (788) Keypad: Loaded 05.R-Low A:: 1.0 from NVS[0m
[0;32mI (788) Keypad: Loaded 06.Y-Low A:: 1.0 from NVS[0m
[0;32mI (798) Keypad: Loaded 07.B-Low A:: 1.0 from NVS[0m
[0;32mI (798) Keypad: Loaded 08.OC %:: 25 from NVS[0m
[0;32mI (808) Keypad: Loaded 09.Alarm:: Disable from NVS[0m
[0;32mI (808) Keypad: Loaded 10.Protect:: ALL  from NVS[0m
[0;32mI (818) Keypad: Loaded 11.Rotate:: Disable from NVS[0m
[0;32mI (818) Keypad: Loaded 12.R On Tm:: 00:00 from NVS[0m
[0;32mI (828) Keypad: Loaded 13.Y On Tm:: 00:00 from NVS[0m
[0;32mI (828) Keypad: Loaded 14.B On Tm:: 00:00 from NVS[0m
[0;32mI (838) Keypad: Loaded 15.R OffTm:: 00:00 from NVS[0m
[0;32mI (838) Keypad: Loaded 16.Y OffTm:: 00:00 from NVS[0m
[0;32mI (848) Keypad: Loaded 17.B OffTm:: 00:00 from NVS[0m
[0;32mI (848) Keypad: Loaded 18.BackSet:: 0 from NVS[0m
[0;32mI (858) Keypad: Loaded 19.BackRise:: 0 from NVS[0m
[0;32mI (858) Keypad: Loaded 20.JanDusk:: 00:00 from NVS[0m
[0;32mI (868) Keypad: Loaded 21.JanDawn:: 00:00 from NVS[0m
[0;32mI (878) Keypad: Loaded 22.DecDusk:: 00:00 from NVS[0m
[0;32mI (878) Keypad: Loaded 23.DecDawn:: 00:00 from NVS[0m
[0;32mI (888) Keypad: Loaded 24.Password:: 00000000 from NVS[0m
[0;32mI (888) Keypad: Loaded 25.PassED:: Disable from NVS[0m
[0;32mI (2968) SplashTask: Released semaphore after splash screen[0m
[0;32mI (7098) Keypad: Detected 'A' (Raw: 0x7E)[0m
