ets Jul 29 2019 12:21:46

rst:0x1 (POWERON_RESET),boot:0x13 (SPI_FAST_FLASH_BOOT)
configsip: 0, SPIWP:0xee
clk_drv:0x00,q_drv:0x00,d_drv:0x00,cs0_drv:0x00,hd_drv:0x00,wp_drv:0x00
mode:DIO, clock div:2
load:0x3fff0030,len:7172
load:0x40078000,len:15540
load:0x40080400,len:4
ho 8 tail 4 room 4
load:0x40080404,len:3904
entry 0x40080640
[0;32mI (31) boot: ESP-IDF v5.2.1-dirty 2nd stage bootloader[0m
[0;32mI (31) boot: compile time Mar 15 2025 15:13:09[0m
[0;32mI (31) boot: Multicore bootloader[0m
[0;32mI (36) boot: chip revision: v3.1[0m
[0;32mI (40) boot.esp32: SPI Speed      : 40MHz[0m
[0;32mI (44) boot.esp32: SPI Mode       : DIO[0m
[0;32mI (49) boot.esp32: SPI Flash Size : 2MB[0m
[0;32mI (53) boot: Enabling RNG early entropy source...[0m
[0;32mI (59) boot: Partition Table:[0m
[0;32mI (62) boot: ## Label            Usage          Type ST Offset   Length[0m
[0;32mI (70) boot:  0 nvs              WiFi data        01 02 00009000 00006000[0m
[0;32mI (77) boot:  1 phy_init         RF data          01 01 0000f000 00001000[0m
[0;32mI (85) boot:  2 factory          factory app      00 00 00010000 00100000[0m
[0;32mI (92) boot: End of partition table[0m
[0;32mI (96) esp_image: segment 0: paddr=00010020 vaddr=3f400020 size=0f724h ( 63268) map[0m
[0;32mI (126) esp_image: segment 1: paddr=0001f74c vaddr=3ffb0000 size=008cch (  2252) load[0m
[0;32mI (128) esp_image: segment 2: paddr=00020020 vaddr=400d0020 size=26260h (156256) map[0m
[0;32mI (186) esp_image: segment 3: paddr=00046288 vaddr=3ffb08cc size=020b0h (  8368) load[0m
[0;32mI (189) esp_image: segment 4: paddr=00048340 vaddr=40080000 size=0e480h ( 58496) load[0m
[0;32mI (222) boot: Loaded app from partition at offset 0x10000[0m
[0;32mI (222) boot: Disabling RNG early entropy source...[0m
[0;32mI (233) cpu_start: Multicore app[0m
[0;32mI (242) cpu_start: Pro cpu start user code[0m
[0;32mI (242) cpu_start: cpu freq: 160000000 Hz[0m
[0;32mI (242) cpu_start: Application information:[0m
[0;32mI (245) cpu_start: Project name:     keypad_lcd_demo[0m
[0;32mI (251) cpu_start: App version:      1[0m
[0;32mI (255) cpu_start: Compile time:     Mar 15 2025 15:13:00[0m
[0;32mI (261) cpu_start: ELF file SHA256:  b13f6a49d...[0m
[0;32mI (267) cpu_start: ESP-IDF:          v5.2.1-dirty[0m
[0;32mI (272) cpu_start: Min chip rev:     v0.0[0m
[0;32mI (277) cpu_start: Max chip rev:     v3.99 [0m
[0;32mI (281) cpu_start: Chip rev:         v3.1[0m
[0;32mI (286) heap_init: Initializing. RAM available for dynamic allocation:[0m
[0;32mI (294) heap_init: At 3FFAE6E0 len 00001920 (6 KiB): DRAM[0m
[0;32mI (299) heap_init: At 3FFB32E0 len 0002CD20 (179 KiB): DRAM[0m
[0;32mI (306) heap_init: At 3FFE0440 len 00003AE0 (14 KiB): D/IRAM[0m
[0;32mI (312) heap_init: At 3FFE4350 len 0001BCB0 (111 KiB): D/IRAM[0m
[0;32mI (318) heap_init: At 4008E480 len 00011B80 (70 KiB): IRAM[0m
[0;32mI (326) spi_flash: detected chip: generic[0m
[0;32mI (329) spi_flash: flash io: dio[0m
[0;33mW (333) spi_flash: Detected size(4096k) larger than the size in the binary image header(2048k). Using the size in the binary image header.[0m
[0;33mW (347) i2c: This driver is an old driver, please migrate your application code to adapt `driver/i2c_master.h`[0m
[0;32mI (358) main_task: Started on CPU0[0m
[0;32mI (368) main_task: Calling app_main()[0m
[0;32mI (368) Main: Starting application[0m
[0;32mI (398) Main: NVS Flash initialized[0m
[0;32mI (398) I2C: Initialized I2C on port 0, SDA: 21, SCL: 22[0m
[0;32mI (398) LCD: Initializing LCD at address 0x27[0m
[0;32mI (698) Keypad: Initialized keypad on I2C port 0, address 0x23[0m
[0;32mI (698) RTC: Initializing DS1307 RTC[0m
[0;32mI (708) RTC: DS1307 detected on I2C bus, control register: 0x00[0m
[0;32mI (708) RTC: DS1307 clock is running normally[0m
[0;32mI (708) RTC: DS1307 RTC initialized successfully, using hardware RTC[0m
[0;32mI (708) RTC: Current time: 12:00:00, Date: 01/01/2023, Day: 1[0m
[0;32mI (718) SplashTask: Took semaphore for splash screen[0m
[0;32mI (728) Storage: Loading parameter 01.Time: from hardware RTC[0m
[0;32mI (728) Main: Tasks created, entering idle[0m
[0;32mI (738) RTC: Loaded time: 12:10[0m
[0;32mI (738) Storage: Loading parameter 02.Date: from hardware RTC[0m
[0;32mI (758) RTC: Loaded date: 17/03/25[0m
[0;32mI (758) Storage: Loading parameter 03.Hi Volt: from EEPROM[0m
[0;32mI (758) Keypad: Error loading from NVS. Default value 04.Lo Volt:: 180.0[0m
[0;32mI (768) Keypad: Error loading from NVS. Default value 05.R-Low A:: 1.0[0m
[0;32mI (768) Keypad: Error loading from NVS. Default value 06.Y-Low A:: 1.0[0m
[0;32mI (778) Keypad: Error loading from NVS. Default value 07.B-Low A:: 1.0[0m
[0;32mI (798) Keypad: Error loading from NVS. Default value 08.OC %:: 25[0m
[0;32mI (798) Keypad: Error loading from NVS. Default value 09.Alarm:: 0[0m
[0;32mI (798) Keypad: Error loading from NVS. Default value 10.Protect:: 0[0m
[0;32mI (808) Keypad: Error loading from NVS. Default value 11.Rotate:: 0[0m
[0;32mI (828) Keypad: Error loading from NVS. Default value 12.R On Tm:: 0000[0m
[0;32mI (828) Keypad: Error loading from NVS. Default value 13.Y On Tm:: 0000[0m
[0;32mI (828) Keypad: Error loading from NVS. Default value 14.B On Tm:: 0000[0m
[0;32mI (838) Keypad: Error loading from NVS. Default value 15.R OffTm:: 0000[0m
[0;32mI (858) Keypad: Error loading from NVS. Default value 16.Y OffTm:: 0000[0m
[0;32mI (858) Keypad: Error loading from NVS. Default value 17.B OffTm:: 0000[0m
[0;32mI (858) Keypad: Error loading from NVS. Default value 18.BackSet:: 0[0m
[0;32mI (868) Keypad: Error loading from NVS. Default value 19.BackRise:: 0[0m
[0;32mI (888) Keypad: Error loading from NVS. Default value 20.JanDusk:: 0000[0m
[0;32mI (888) Keypad: Error loading from NVS. Default value 21.JanDawn:: 0000[0m
[0;32mI (888) Keypad: Error loading from NVS. Default value 22.DecDusk:: 0000[0m
[0;32mI (898) Keypad: Error loading from NVS. Default value 23.DecDawn:: 0000[0m
[0;32mI (918) Keypad: Error loading from NVS. Default value 24.Password:: 00000000[0m
[0;32mI (918) Keypad: Error loading from NVS. Default value 25.PassED:: 0[0m
[0;32mI (2948) SplashTask: Released semaphore after splash screen[0m
[0;32mI (10818) Keypad: Detected 'A' (Raw: 0x7E)[0m
[0;32mI (14578) Keypad: Detected '1' (Raw: 0xEE)[0m
[0;32mI (15528) Keypad: Detected '2' (Raw: 0xDE)[0m
[0;32mI (17378) Keypad: Detected '0' (Raw: 0xD7)[0m
[0;32mI (17828) Keypad: Detected '1' (Raw: 0xEE)[0m
[0;32mI (18888) Keypad: Detected '#' (Raw: 0xB7)[0m
[0;32mI (18888) Storage: Storing parameter 01.Time: to hardware RTC[0m
[0;32mI (18888) RTC: Updated time to 12:01[0m
[0;32mI (26508) Keypad: Detected 'B' (Raw: 0x7D)[0m
[0;32mI (27178) Keypad: Detected 'B' (Raw: 0x7D)[0m
[0;32mI (29048) Keypad: Detected 'B' (Raw: 0x7D)[0m
[0;32mI (30668) Keypad: Detected 'C' (Raw: 0x7B)[0m
[0;32mI (32988) Keypad: Detected 'C' (Raw: 0x7B)[0m
[0;32mI (36608) Keypad: Detected '1' (Raw: 0xEE)[0m
[0;32mI (37168) Keypad: Detected '#' (Raw: 0xB7)[0m
[0;32mI (38798) Keypad: Detected 'A' (Raw: 0x7E)[0m
[0;32mI (40948) Keypad: Detected 'A' (Raw: 0x7E)[0m
[0;32mI (42708) Keypad: Detected '0' (Raw: 0xD7)[0m
[0;32mI (43108) Keypad: Detected '0' (Raw: 0xD7)[0m
[0;32mI (43508) Keypad: Detected '0' (Raw: 0xD7)[0m
[0;32mI (44158) Keypad: Detected '0' (Raw: 0xD7)[0m
[0;32mI (44658) Keypad: Detected '0' (Raw: 0xD7)[0m
[0;32mI (45108) Keypad: Detected '0' (Raw: 0xD7)[0m
[0;32mI (45558) Keypad: Detected '0' (Raw: 0xD7)[0m
[0;32mI (46008) Keypad: Detected '0' (Raw: 0xD7)[0m
[0;32mI (48508) Keypad: Detected '#' (Raw: 0xB7)[0m
[0;32mI (53228) Keypad: Detected 'B' (Raw: 0x7D)[0m
[0;32mI (54648) Keypad: Detected 'C' (Raw: 0x7B)[0m
[0;32mI (55408) Keypad: Detected 'C' (Raw: 0x7B)[0m
[0;32mI (59168) Keypad: Detected '1' (Raw: 0xEE)[0m
[0;32mI (61468) Keypad: Detected '8' (Raw: 0xDB)[0m
[0;32mI (63268) Keypad: Detected '0' (Raw: 0xD7)[0m
[0;32mI (66868) Keypad: Detected '4' (Raw: 0xED)[0m
[0;32mI (68218) Keypad: Detected '2' (Raw: 0xDE)[0m
[0;32mI (68778) Keypad: Detected '5' (Raw: 0xDD)[0m
[0;32mI (70588) Keypad: Detected '#' (Raw: 0xB7)[0m
[0;32mI (70588) Storage: Storing parameter 02.Date: to hardware RTC[0m
[0;32mI (70588) Storage: Stored date: 18/04/25[0m
[0;32mI (74408) Keypad: Detected '1' (Raw: 0xEE)[0m
[0;32mI (75108) Keypad: Detected '7' (Raw: 0xEB)[0m
[0;32mI (77158) Keypad: Detected '0' (Raw: 0xD7)[0m
[0;32mI (77758) Keypad: Detected '3' (Raw: 0xBE)[0m
[0;32mI (81058) Keypad: Detected '2' (Raw: 0xDE)[0m
[0;32mI (81868) Keypad: Detected '5' (Raw: 0xDD)[0m
[0;32mI (83628) Keypad: Detected '#' (Raw: 0xB7)[0m
[0;32mI (83628) Storage: Storing parameter 02.Date: to hardware RTC[0m
[0;32mI (83628) Storage: Stored date: 17/03/25[0m
[0;32mI (88148) Keypad: Detected 'B' (Raw: 0x7D)[0m
[0;32mI (95708) Keypad: Detected '1' (Raw: 0xEE)[0m
[0;32mI (97358) Keypad: Detected '2' (Raw: 0xDE)[0m
[0;32mI (98608) Keypad: Detected '0' (Raw: 0xD7)[0m
[0;32mI (99108) Keypad: Detected '5' (Raw: 0xDD)[0m
[0;32mI (102818) Keypad: Detected '#' (Raw: 0xB7)[0m
[0;32mI (102818) Storage: Storing parameter 01.Time: to hardware RTC[0m
[0;32mI (102818) RTC: Updated time to 12:05[0m
ets Jul 29 2019 12:21:46

rst:0x1 (POWERON_RESET),boot:0x13 (SPI_FAST_FLASH_BOOT)
configsip: 0, SPIWP:0xee
clk_drv:0x00,q_drv:0x00,d_drv:0x00,cs0_drv:0x00,hd_drv:0x00,wp_drv:0x00
mode:DIO, clock div:2
load:0x3fff0030,len:7172
load:0x40078000,len:15540
load:0x40080400,len:4
ho 8 tail 4 room 4
load:0x40080404,len:3904
entry 0x40080640
[0;32mI (31) boot: ESP-IDF v5.2.1-dirty 2nd stage bootloader[0m
[0;32mI (31) boot: compile time Mar 15 2025 15:13:09[0m
[0;32mI (31) boot: Multicore bootloader[0m
[0;32mI (36) boot: chip revision: v3.1[0m
[0;32mI (40) boot.esp32: SPI Speed      : 40MHz[0m
[0;32mI (44) boot.esp32: SPI Mode       : DIO[0m
[0;32mI (49) boot.esp32: SPI Flash Size : 2MB[0m
[0;32mI (53) boot: Enabling RNG early entropy source...[0m
[0;32mI (59) boot: Partition Table:[0m
[0;32mI (62) boot: ## Label            Usage          Type ST Offset   Length[0m
[0;32mI (70) boot:  0 nvs              WiFi data        01 02 00009000 00006000[0m
[0;32mI (77) boot:  1 phy_init         RF data          01 01 0000f000 00001000[0m
[0;32mI (85) boot:  2 factory          factory app      00 00 00010000 00100000[0m
[0;32mI (92) boot: End of partition table[0m
[0;32mI (96) esp_image: segment 0: paddr=00010020 vaddr=3f400020 size=0f724h ( 63268) map[0m
[0;32mI (126) esp_image: segment 1: paddr=0001f74c vaddr=3ffb0000 size=008cch (  2252) load[0m
[0;32mI (128) esp_image: segment 2: paddr=00020020 vaddr=400d0020 size=26260h (156256) map[0m
[0;32mI (186) esp_image: segment 3: paddr=00046288 vaddr=3ffb08cc size=020b0h (  8368) load[0m
[0;32mI (189) esp_image: segment 4: paddr=00048340 vaddr=40080000 size=0e480h ( 58496) load[0m
[0;32mI (222) boot: Loaded app from partition at offset 0x10000[0m
[0;32mI (222) boot: Disabling RNG early entropy source...[0m
[0;32mI (233) cpu_start: Multicore app[0m
[0;32mI (242) cpu_start: Pro cpu start user code[0m
[0;32mI (242) cpu_start: cpu freq: 160000000 Hz[0m
[0;32mI (242) cpu_start: Application information:[0m
[0;32mI (245) cpu_start: Project name:     keypad_lcd_demo[0m
[0;32mI (251) cpu_start: App version:      1[0m
[0;32mI (255) cpu_start: Compile time:     Mar 15 2025 15:13:00[0m
[0;32mI (261) cpu_start: ELF file SHA256:  b13f6a49d...[0m
[0;32mI (267) cpu_start: ESP-IDF:          v5.2.1-dirty[0m
[0;32mI (272) cpu_start: Min chip rev:     v0.0[0m
[0;32mI (277) cpu_start: Max chip rev:     v3.99 [0m
[0;32mI (281) cpu_start: Chip rev:         v3.1[0m
[0;32mI (286) heap_init: Initializing. RAM available for dynamic allocation:[0m
[0;32mI (294) heap_init: At 3FFAE6E0 len 00001920 (6 KiB): DRAM[0m
[0;32mI (299) heap_init: At 3FFB32E0 len 0002CD20 (179 KiB): DRAM[0m
[0;32mI (306) heap_init: At 3FFE0440 len 00003AE0 (14 KiB): D/IRAM[0m
[0;32mI (312) heap_init: At 3FFE4350 len 0001BCB0 (111 KiB): D/IRAM[0m
[0;32mI (318) heap_init: At 4008E480 len 00011B80 (70 KiB): IRAM[0m
[0;32mI (326) spi_flash: detected chip: generic[0m
[0;32mI (329) spi_flash: flash io: dio[0m
[0;33mW (333) spi_flash: Detected size(4096k) larger than the size in the binary image header(2048k). Using the size in the binary image header.[0m
[0;33mW (347) i2c: This driver is an old driver, please migrate your application code to adapt `driver/i2c_master.h`[0m
[0;32mI (358) main_task: Started on CPU0[0m
[0;32mI (368) main_task: Calling app_main()[0m
[0;32mI (368) Main: Starting application[0m
[0;32mI (408) Main: NVS Flash initialized[0m
[0;32mI (408) I2C: Initialized I2C on port 0, SDA: 21, SCL: 22[0m
[0;32mI (408) LCD: Initializing LCD at address 0x27[0m
[0;32mI (718) Keypad: Initialized keypad on I2C port 0, address 0x23[0m
[0;32mI (718) RTC: Initializing DS1307 RTC[0m
[0;32mI (728) RTC: DS1307 detected on I2C bus, control register: 0x00[0m
[0;32mI (728) RTC: DS1307 clock is running normally[0m
[0;32mI (728) RTC: DS1307 RTC initialized successfully, using hardware RTC[0m
[0;32mI (728) RTC: Current time: 12:00:00, Date: 01/01/2023, Day: 1[0m
[0;32mI (738) SplashTask: Took semaphore for splash screen[0m
[0;32mI (748) Storage: Loading parameter 01.Time: from hardware RTC[0m
[0;32mI (748) Main: Tasks created, entering idle[0m
[0;32mI (758) RTC: Loaded time: 12:06[0m
[0;32mI (758) Storage: Loading parameter 02.Date: from hardware RTC[0m
[0;32mI (778) RTC: Loaded date: 17/03/25[0m
[0;32mI (778) Storage: Loading parameter 03.Hi Volt: from EEPROM[0m
[0;32mI (778) Keypad: Loaded 04.Lo Volt:: 180.0 from NVS[0m
[0;32mI (788) Keypad: Loaded 05.R-Low A:: 1.0 from NVS[0m
[0;32mI (788) Keypad: Loaded 06.Y-Low A:: 1.0 from NVS[0m
[0;32mI (798) Keypad: Loaded 07.B-Low A:: 1.0 from NVS[0m
[0;32mI (798) Keypad: Loaded 08.OC %:: 25 from NVS[0m
[0;32mI (808) Keypad: Loaded 09.Alarm:: Disable from NVS[0m
[0;32mI (808) Keypad: Loaded 10.Protect:: ALL  from NVS[0m
[0;32mI (818) Keypad: Loaded 11.Rotate:: Disable from NVS[0m
[0;32mI (818) Keypad: Loaded 12.R On Tm:: 00:00 from NVS[0m
[0;32mI (828) Keypad: Loaded 13.Y On Tm:: 00:00 from NVS[0m
[0;32mI (828) Keypad: Loaded 14.B On Tm:: 00:00 from NVS[0m
[0;32mI (838) Keypad: Loaded 15.R OffTm:: 00:00 from NVS[0m
[0;32mI (838) Keypad: Loaded 16.Y OffTm:: 00:00 from NVS[0m
[0;32mI (848) Keypad: Loaded 17.B OffTm:: 00:00 from NVS[0m
[0;32mI (848) Keypad: Loaded 18.BackSet:: 0 from NVS[0m
[0;32mI (858) Keypad: Loaded 19.BackRise:: 0 from NVS[0m
[0;32mI (858) Keypad: Loaded 20.JanDusk:: 00:00 from NVS[0m
[0;32mI (868) Keypad: Loaded 21.JanDawn:: 00:00 from NVS[0m
[0;32mI (878) Keypad: Loaded 22.DecDusk:: 00:00 from NVS[0m
[0;32mI (878) Keypad: Loaded 23.DecDawn:: 00:00 from NVS[0m
[0;32mI (888) Keypad: Loaded 24.Password:: 00000000 from NVS[0m
[0;32mI (888) Keypad: Loaded 25.PassED:: Disable from NVS[0m
[0;32mI (2968) SplashTask: Released semaphore after splash screen[0m
[0;32mI (38298) Keypad: Detected 'A' (Raw: 0x7E)[0m
[0;32mI (61468) Keypad: Detected 'A' (Raw: 0x7E)[0m
[0;32mI (64628) Keypad: Detected '1' (Raw: 0xEE)[0m
[0;32mI (65178) Keypad: Detected '2' (Raw: 0xDE)[0m
[0;32mI (67078) Keypad: Detected '0' (Raw: 0xD7)[0m
[0;32mI (67778) Keypad: Detected '5' (Raw: 0xDD)[0m
[0;32mI (69038) Keypad: Detected '#' (Raw: 0xB7)[0m
[0;32mI (69038) Storage: Storing parameter 01.Time: to hardware RTC[0m
[0;32mI (69038) RTC: Updated time to 12:05[0m
