`) bootï¿½ets Jul 29 2019 12:21:46

rst:0x1 (POWERON_RESET),boot:0x13 (SPI_FAST_FLASH_BOOT)
configsip: 0, SPIWP:0xee
clk_drv:0x00,q_drv:0x00,d_drv:0x00,cs0_drv:0x00,hd_drv:0x00,wp_drv:0x00
mode:DIO, clock div:2
load:0x3fff0030,len:7172
load:0x40078000,len:15540
load:0x40080400,len:4
ho 8 tail 4 room 4
load:0x40080404,len:3904
entry 0x40080640
[0;32mI (31) boot: ESP-IDF v5.2.1-dirty 2nd stage bootloader[0m
[0;32mI (31) boot: compile time Mar 15 2025 15:13:09[0m
[0;32mI (31) boot: Multicore bootloader[0m
[0;32mI (36) boot: chip revision: v3.1[0m
[0;32mI (40) boot.esp32: SPI Speed      : 40MHz[0m
[0;32mI (44) boot.esp32: SPI Mode       : DIO[0m
[0;32mI (49) boot.esp32: SPI Flash Size : 2MB[0m
[0;32mI (53) boot: Enabling RNG early entropy source...[0m
[0;32mI (59) boot: Partition Table:[0m
[0;32mI (62) boot: ## Label            Usage          Type ST Offset   Length[0m
[0;32mI (70) boot:  0 nvs              WiFi data        01 02 00009000 00006000[0m
[0;32mI (77) boot:  1 phy_init         RF data          01 01 0000f000 00001000[0m
[0;32mI (85) boot:  2 factory          factory app      00 00 00010000 00100000[0m
[0;32mI (92) boot: End of partition table[0m
[0;32mI (96) esp_image: segment 0: paddr=00010020 vaddr=3f400020 size=0f734h ( 63284) map[0m
[0;32mI (126) esp_image: segment 1: paddr=0001f75c vaddr=3ffb0000 size=008bch (  2236) load[0m
[0;32mI (128) esp_image: segment 2: paddr=00020020 vaddr=400d0020 size=26480h (156800) map[0m
[0;32mI (186) esp_image: segment 3: paddr=000464a8 vaddr=3ffb08bc size=020c0h (  8384) load[0m
[0;32mI (189) esp_image: segment 4: paddr=00048570 vaddr=40080000 size=0e480h ( 58496) load[0m
[0;32mI (222) boot: Loaded app from partition at offset 0x10000[0m
[0;32mI (222) boot: Disabling RNG early entropy source...[0m
[0;32mI (233) cpu_start: Multicore app[0m
[0;32mI (242) cpu_start: Pro cpu start user code[0m
[0;32mI (242) cpu_start: cpu freq: 160000000 Hz[0m
[0;32mI (242) cpu_start: Application information:[0m
[0;32mI (245) cpu_start: Project name:     keypad_lcd_demo[0m
[0;32mI (251) cpu_start: App version:      1[0m
[0;32mI (255) cpu_start: Compile time:     Mar 15 2025 15:13:00[0m
[0;32mI (261) cpu_start: ELF file SHA256:  35d083084...[0m
[0;32mI (267) cpu_start: ESP-IDF:          v5.2.1-dirty[0m
[0;32mI (272) cpu_start: Min chip rev:     v0.0[0m
[0;32mI (277) cpu_start: Max chip rev:     v3.99 [0m
[0;32mI (282) cpu_start: Chip rev:         v3.1[0m
[0;32mI (287) heap_init: Initializing. RAM available for dynamic allocation:[0m
[0;32mI (294) heap_init: At 3FFAE6E0 len 00001920 (6 KiB): DRAM[0m
[0;32mI (300) heap_init: At 3FFB32E0 len 0002CD20 (179 KiB): DRAM[0m
[0;32mI (306) heap_init: At 3FFE0440 len 00003AE0 (14 KiB): D/IRAM[0m
[0;32mI (312) heap_init: At 3FFE4350 len 0001BCB0 (111 KiB): D/IRAM[0m
[0;32mI (319) heap_init: At 4008E480 len 00011B80 (70 KiB): IRAM[0m
[0;32mI (326) spi_flash: detected chip: generic[0m
[0;32mI (330) spi_flash: flash io: dio[0m
[0;33mW (333) spi_flash: Detected size(4096k) larger than the size in the binary image header(2048k). Using the size in the binary image header.[0m
[0;33mW (347) i2c: This driver is an old driver, please migrate your application code to adapt `driver/i2c_master.h`[0m
[0;32mI (358) main_task: Started on CPU0[0m
[0;32mI (368) main_task: Calling app_main()[0m
[0;32mI (368) Main: Starting application[0m
[0;32mI (398) Main: NVS Flash initialized[0m
[0;32mI (398) I2C: Initialized I2C on port 0, SDA: 21, SCL: 22[0m
[0;32mI (398) LCD: Initializing LCD at address 0x27[0m
[0;32mI (698) Keypad: Initialized keypad on I2C port 0, address 0x23[0m
[0;32mI (698) RTC: Initializing DS1307 RTC[0m
[0;32mI (708) RTC: DS1307 detected on I2C bus, control register: 0x00[0m
[0;32mI (708) RTC: DS1307 clock is running normally[0m
[0;32mI (708) RTC: DS1307 RTC initialized successfully, using hardware RTC[0m
[0;32mI (708) RTC: Current time: 12:00:00, Date: 01/01/2023, Day: 1[0m
[0;32mI (718) SplashTask: Took semaphore for splash screen[0m
[0;32mI (728) Storage: Loading parameter 01.Time: from hardware RTC[0m
[0;32mI (728) Main: Tasks created, entering idle[0m
[0;32mI (738) RTC: Loaded time: 11:15[0m
[0;32mI (738) Storage: Loading parameter 02.Date: from hardware RTC[0m
[0;32mI (758) RTC: Loaded date: 17/03/25[0m
[0;32mI (758) Storage: Loading parameter 03.Hi Volt: from EEPROM[0m
[0;32mI (758) Keypad: Error loading from NVS. Default value 04.Lo Volt:: 180.0[0m
[0;32mI (768) Keypad: Error loading from NVS. Default value 05.R-Low A:: 1.0[0m
[0;32mI (768) Keypad: Error loading from NVS. Default value 06.Y-Low A:: 1.0[0m
[0;32mI (778) Keypad: Error loading from NVS. Default value 07.B-Low A:: 1.0[0m
[0;32mI (788) Keypad: Error loading from NVS. Default value 08.OC %:: 25[0m
[0;32mI (788) Keypad: Error loading from NVS. Default value 09.Alarm:: 0[0m
[0;32mI (798) Keypad: Error loading from NVS. Default value 10.Protect:: 0[0m
[0;32mI (808) Keypad: Error loading from NVS. Default value 11.Rotate:: 0[0m
[0;32mI (818) Keypad: Error loading from NVS. Default value 12.R On Tm:: 0000[0m
[0;32mI (818) Keypad: Error loading from NVS. Default value 13.Y On Tm:: 0000[0m
[0;32mI (828) Keypad: Error loading from NVS. Default value 14.B On Tm:: 0000[0m
[0;32mI (838) Keypad: Error loading from NVS. Default value 15.R OffTm:: 0000[0m
[0;32mI (838) Keypad: Error loading from NVS. Default value 16.Y OffTm:: 0000[0m
[0;32mI (848) Keypad: Error loading from NVS. Default value 17.B OffTm:: 0000[0m
[0;32mI (858) Keypad: Error loading from NVS. Default value 18.BackSet:: 0[0m
[0;32mI (868) Keypad: Error loading from NVS. Default value 19.BackRise:: 0[0m
[0;32mI (868) Keypad: Error loading from NVS. Default value 20.JanDusk:: 0000[0m
[0;32mI (878) Keypad: Error loading from NVS. Default value 21.JanDawn:: 0000[0m
[0;32mI (888) Keypad: Error loading from NVS. Default value 22.DecDusk:: 0000[0m
[0;32mI (888) Keypad: Error loading from NVS. Default value 23.DecDawn:: 0000[0m
[0;32mI (898) Keypad: Error loading from NVS. Default value 24.Password:: 00000000[0m
[0;32mI (908) Keypad: Error loading from NVS. Default value 25.PassED:: 0[0m
[0;32mI (2948) SplashTask: Released semaphore after splash screen[0m
[0;32mI (5268) Keypad: Detected 'A' (Raw: 0x7E)[0m
[0;32mI (12778) Keypad: Detected '2' (Raw: 0xDE)[0m
[0;32mI (14838) Keypad: Detected '5' (Raw: 0xDD)[0m
[0;32mI (15938) Keypad: Detected '5' (Raw: 0xDD)[0m
[0;32mI (18438) Keypad: Detected '9' (Raw: 0xBB)[0m
[0;32mI (21148) Keypad: Detected '#' (Raw: 0xB7)[0m
[0;32mI (29918) Keypad: Detected 'A' (Raw: 0x7E)[0m
[0;32mI (31568) Keypad: Detected 'A' (Raw: 0x7E)[0m
[0;32mI (42028) Keypad: Detected 'B' (Raw: 0x7D)[0m
[0;32mI (42028) Storage: Loading parameter 02.Date: from hardware RTC[0m
[0;32mI (42038) RTC: Loaded date: 17/03/25[0m
[0;32mI (42948) Keypad: Detected 'B' (Raw: 0x7D)[0m
[0;32mI (42948) Storage: Loading parameter 03.Hi Volt: from EEPROM[0m
[0;32mI (44618) Keypad: Detected '1' (Raw: 0xEE)[0m
[0;32mI (45678) Keypad: Detected '4' (Raw: 0xED)[0m
[0;32mI (47328) Keypad: Detected '*' (Raw: 0xE7)[0m
[0;32mI (48378) Keypad: Detected '8' (Raw: 0xDB)[0m
[0;32mI (49878) Keypad: Detected '9' (Raw: 0xBB)[0m
[0;32mI (53278) Keypad: Detected '#' (Raw: 0xB7)[0m
[0;32mI (53278) Storage: Storing parameter 03.Hi Volt: to EEPROM[0m
[0;32mI (57008) Keypad: Detected 'B' (Raw: 0x7D)[0m
[0;32mI (58068) Keypad: Detected 'B' (Raw: 0x7D)[0m
[0;32mI (58528) Keypad: Detected 'B' (Raw: 0x7D)[0m
[0;32mI (58938) Keypad: Detected 'B' (Raw: 0x7D)[0m
[0;32mI (59338) Keypad: Detected 'B' (Raw: 0x7D)[0m
[0;32mI (61248) Keypad: Detected 'C' (Raw: 0x7B)[0m
[0;32mI (62348) Keypad: Detected 'B' (Raw: 0x7D)[0m
[0;32mI (64058) Keypad: Detected '3' (Raw: 0xBE)[0m
[0;32mI (65868) Keypad: Detected '#' (Raw: 0xB7)[0m
[0;32mI (71638) Keypad: Detected '2' (Raw: 0xDE)[0m
[0;32mI (72998) Keypad: Detected '#' (Raw: 0xB7)[0m
[0;32mI (75828) Keypad: Detected '1' (Raw: 0xEE)[0m
[0;32mI (78198) Keypad: Detected '1' (Raw: 0xEE)[0m
[0;32mI (78558) Keypad: Detected '1' (Raw: 0xEE)[0m
[0;32mI (79818) Keypad: Detected '0' (Raw: 0xD7)[0m
[0;32mI (89878) Keypad: Detected '#' (Raw: 0xB7)[0m
[0;32mI (96618) Keypad: Detected '3' (Raw: 0xBE)[0m
[0;32mI (98578) Keypad: Detected '6' (Raw: 0xBD)[0m
[0;32mI (99878) Keypad: Detected '9' (Raw: 0xBB)[0m
[0;32mI (101178) Keypad: Detected '8' (Raw: 0xDB)[0m
[0;32mI (102388) Keypad: Detected '#' (Raw: 0xB7)[0m
