 app froets Jul 29 2019 12:21:46

rst:0x1 (POWERON_RESET),boot:0x13 (SPI_FAST_FLASH_BOOT)
configsip: 0, SPIWP:0xee
clk_drv:0x00,q_drv:0x00,d_drv:0x00,cs0_drv:0x00,hd_drv:0x00,wp_drv:0x00
mode:DIO, clock div:2
load:0x3fff0030,len:7172
load:0x40078000,len:15540
load:0x40080400,len:4
ho 8 tail 4 room 4
load:0x40080404,len:3904
entry 0x40080640
[0;32mI (31) boot: ESP-IDF v5.2.1-dirty 2nd stage bootloader[0m
[0;32mI (31) boot: compile time Mar 15 2025 15:13:09[0m
[0;32mI (31) boot: Multicore bootloader[0m
[0;32mI (36) boot: chip revision: v3.1[0m
[0;32mI (40) boot.esp32: SPI Speed      : 40MHz[0m
[0;32mI (44) boot.esp32: SPI Mode       : DIO[0m
[0;32mI (49) boot.esp32: SPI Flash Size : 2MB[0m
[0;32mI (53) boot: Enabling RNG early entropy source...[0m
[0;32mI (59) boot: Partition Table:[0m
[0;32mI (62) boot: ## Label            Usage          Type ST Offset   Length[0m
[0;32mI (70) boot:  0 nvs              WiFi data        01 02 00009000 00006000[0m
[0;32mI (77) boot:  1 phy_init         RF data          01 01 0000f000 00001000[0m
[0;32mI (85) boot:  2 factory          factory app      00 00 00010000 00100000[0m
[0;32mI (92) boot: End of partition table[0m
[0;32mI (96) esp_image: segment 0: paddr=00010020 vaddr=3f400020 size=0f5b4h ( 62900) map[0m
[0;32mI (126) esp_image: segment 1: paddr=0001f5dc vaddr=3ffb0000 size=00a3ch (  2620) load[0m
[0;32mI (128) esp_image: segment 2: paddr=00020020 vaddr=400d0020 size=25b54h (154452) map[0m
[0;32mI (185) esp_image: segment 3: paddr=00045b7c vaddr=3ffb0a3c size=01b20h (  6944) load[0m
[0;32mI (188) esp_image: segment 4: paddr=000476a4 vaddr=40080000 size=0e480h ( 58496) load[0m
[0;32mI (221) boot: Loaded app from partition at offset 0x10000[0m
[0;32mI (221) boot: Disabling RNG early entropy source...[0m
[0;32mI (232) cpu_start: Multicore app[0m
[0;32mI (241) cpu_start: Pro cpu start user code[0m
[0;32mI (241) cpu_start: cpu freq: 160000000 Hz[0m
[0;32mI (241) cpu_start: Application information:[0m
[0;32mI (244) cpu_start: Project name:     keypad_lcd_demo[0m
[0;32mI (250) cpu_start: App version:      1[0m
[0;32mI (254) cpu_start: Compile time:     Mar 15 2025 15:13:00[0m
[0;32mI (260) cpu_start: ELF file SHA256:  751a063ae...[0m
[0;32mI (266) cpu_start: ESP-IDF:          v5.2.1-dirty[0m
[0;32mI (271) cpu_start: Min chip rev:     v0.0[0m
[0;32mI (276) cpu_start: Max chip rev:     v3.99 [0m
[0;32mI (281) cpu_start: Chip rev:         v3.1[0m
[0;32mI (286) heap_init: Initializing. RAM available for dynamic allocation:[0m
[0;32mI (293) heap_init: At 3FFAE6E0 len 00001920 (6 KiB): DRAM[0m
[0;32mI (299) heap_init: At 3FFB2EB0 len 0002D150 (180 KiB): DRAM[0m
[0;32mI (305) heap_init: At 3FFE0440 len 00003AE0 (14 KiB): D/IRAM[0m
[0;32mI (311) heap_init: At 3FFE4350 len 0001BCB0 (111 KiB): D/IRAM[0m
[0;32mI (318) heap_init: At 4008E480 len 00011B80 (70 KiB): IRAM[0m
[0;32mI (325) spi_flash: detected chip: generic[0m
[0;32mI (329) spi_flash: flash io: dio[0m
[0;33mW (332) spi_flash: Detected size(4096k) larger than the size in the binary image header(2048k). Using the size in the binary image header.[0m
[0;33mW (346) i2c: This driver is an old driver, please migrate your application code to adapt `driver/i2c_master.h`[0m
[0;32mI (357) main_task: Started on CPU0[0m
[0;32mI (367) main_task: Calling app_main()[0m
[0;32mI (367) Main: Starting application[0m
[0;32mI (397) Main: NVS Flash initialized[0m
[0;32mI (397) I2C: Initialized I2C on port 0, SDA: 21, SCL: 22[0m
[0;32mI (397) LCD: Initializing LCD at address 0x27[0m
[0;32mI (697) Keypad: Initialized keypad on I2C port 0, address 0x23[0m
[0;32mI (697) RTC: Initializing DS1307 RTC[0m
[0;32mI (707) RTC: DS1307 detected on I2C bus, control register: 0x00[0m
[0;32mI (707) RTC: DS1307 clock is running normally[0m
[0;32mI (707) RTC: DS1307 RTC initialized successfully, using hardware RTC[0m
[0;32mI (707) RTC: Current time: 12:00:00, Date: 01/01/2023, Day: 1[0m
[0;32mI (717) SplashTask: Took semaphore for splash screen[0m
[0;32mI (727) Storage: Loading parameter Date: from hardware RTC[0m
[0;32mI (727) Main: Tasks created, entering idle[0m
[0;32mI (737) RTC: Loaded date: 16/03/25[0m
[0;32mI (737) Storage: Loading parameter Time: from hardware RTC[0m
[0;32mI (757) RTC: Loaded time: 15:18[0m
[0;32mI (757) Storage: Loading parameter Hi Volt: from EEPROM[0m
[0;32mI (757) EEPROM: Loaded Hi Volt: 255[0m
[0;32mI (757) Keypad: Loaded Lo Volt:: 179 from NVS[0m
[0;32mI (767) Keypad: Loaded R-Low A:: 12 from NVS[0m
[0;32mI (767) Keypad: Loaded Y-Low A:: 1 from NVS[0m
[0;32mI (777) Keypad: Loaded B-Low A:: 1 from NVS[0m
[0;32mI (777) Keypad: Loaded OC %:: 25 from NVS[0m
[0;32mI (787) Keypad: Loaded Alarm:: Disable from NVS[0m
[0;32mI (787) Keypad: Loaded Protect:: ALL  from NVS[0m
[0;32mI (797) Keypad: Loaded Rotate:: Disable from NVS[0m
[0;32mI (797) Keypad: Loaded R On Tm:: 00:00 from NVS[0m
[0;32mI (807) Keypad: Loaded Y On Tm:: 00:00 from NVS[0m
[0;32mI (807) Keypad: Loaded B On Tm:: 00:00 from NVS[0m
[0;32mI (817) Keypad: Loaded R OffTm:: 00:00 from NVS[0m
[0;32mI (817) Keypad: Loaded Y OffTm:: 00:00 from NVS[0m
[0;32mI (827) Keypad: Loaded B OffTm:: 00:00 from NVS[0m
[0;32mI (827) Keypad: Loaded BackSet:: 0 from NVS[0m
[0;32mI (837) Keypad: Loaded BackRise:: 0 from NVS[0m
[0;32mI (837) Keypad: Loaded JanDusk:: 0 from NVS[0m
[0;32mI (847) Keypad: Loaded JanDawn:: 0 from NVS[0m
[0;32mI (847) Keypad: Loaded DecDusk: 0 from NVS[0m
[0;32mI (857) Keypad: Loaded DecDawn: 0 from NVS[0m
[0;32mI (2947) SplashTask: Released semaphore after splash screen[0m
[0;32mI (4967) Keypad: Detected 'A' (Raw: 0x7E)[0m
[0;32mI (8887) Keypad: Detected 'B' (Raw: 0x7D)[0m
[0;32mI (14627) Keypad: Detected '1' (Raw: 0xEE)[0m
[0;32mI (16457) Keypad: Detected '5' (Raw: 0xDD)[0m
[0;32mI (22047) Keypad: Detected '1' (Raw: 0xEE)[0m
[0;32mI (23997) Keypad: Detected '3' (Raw: 0xBE)[0m
[0;32mI (25757) Keypad: Detected '#' (Raw: 0xB7)[0m
[0;32mI (25757) Storage: Storing parameter Time: to hardware RTC[0m
[0;32mI (25757) RTC: Updated time to 15:13[0m
[0;32mI (30627) Keypad: Detected 'A' (Raw: 0x7E)[0m
[0;32mI (112977) Keypad: Detected 'A' (Raw: 0x7E)[0m
[0;32mI (114917) Keypad: Detected 'B' (Raw: 0x7D)[0m
[0;32mI (116897) Keypad: Detected 'C' (Raw: 0x7B)[0m
[0;32mI (117497) Keypad: Detected 'C' (Raw: 0x7B)[0m
[0;32mI (118967) Keypad: Detected 'C' (Raw: 0x7B)[0m
[0;32mI (120237) Keypad: Detected 'C' (Raw: 0x7B)[0m
[0;32mI (123597) Keypad: Detected 'B' (Raw: 0x7D)[0m
[0;32mI (126897) Keypad: Detected 'A' (Raw: 0x7E)[0m
ets Jul 29 2019 12:21:46

rst:0x1 (POWERON_RESET),boot:0x13 (SPI_FAST_FLASH_BOOT)
configsip: 0, SPIWP:0xee
clk_drv:0x00,q_drv:0x00,d_drv:0x00,cs0_drv:0x00,hd_drv:0x00,wp_drv:0x00
mode:DIO, clock div:2
load:0x3fff0030,len:7172
load:0x40078000,len:15540
load:0x40080400,len:4
ho 8 tail 4 room 4
load:0x40080404,len:3904
entry 0x40080640
[0;32mI (31) boot: ESP-IDF v5.2.1-dirty 2nd stage bootloader[0m
[0;32mI (31) boot: compile time Mar 15 2025 15:13:09[0m
[0;32mI (31) boot: Multicore bootloader[0m
[0;32mI (36) boot: chip revision: v3.1[0m
[0;32mI (40) boot.esp32: SPI Speed      : 40MHz[0m
[0;32mI (44) boot.esp32: SPI Mode       : DIO[0m
[0;32mI (49) boot.esp32: SPI Flash Size : 2MB[0m
[0;32mI (53) boot: Enabling RNG early entropy source...[0m
[0;32mI (59) boot: Partition Table:[0m
[0;32mI (62) boot: ## Label            Usage          Type ST Offset   Length[0m
[0;32mI (70) boot:  0 nvs              WiFi data        01 02 00009000 00006000[0m
[0;32mI (77) boot:  1 phy_init         RF data          01 01 0000f000 00001000[0m
[0;32mI (85) boot:  2 factory          factory app      00 00 00010000 00100000[0m
[0;32mI (92) boot: End of partition table[0m
[0;32mI (96) esp_image: segment 0: paddr=00010020 vaddr=3f400020 size=0f5b4h ( 62900) map[0m
[0;32mI (126) esp_image: segment 1: paddr=0001f5dc vaddr=3ffb0000 size=00a3ch (  2620) load[0m
[0;32mI (128) esp_image: segment 2: paddr=00020020 vaddr=400d0020 size=25b54h (154452) map[0m
[0;32mI (185) esp_image: segment 3: paddr=00045b7c vaddr=3ffb0a3c size=01b20h (  6944) load[0m
[0;32mI (188) esp_image: segment 4: paddr=000476a4 vaddr=40080000 size=0e480h ( 58496) load[0m
[0;32mI (221) boot: Loaded app from partition at offset 0x10000[0m
[0;32mI (221) boot: Disabling RNG early entropy source...[0m
[0;32mI (232) cpu_start: Multicore app[0m
[0;32mI (241) cpu_start: Pro cpu start user code[0m
[0;32mI (241) cpu_start: cpu freq: 160000000 Hz[0m
[0;32mI (241) cpu_start: Application information:[0m
[0;32mI (244) cpu_start: Project name:     keypad_lcd_demo[0m
[0;32mI (250) cpu_start: App version:      1[0m
[0;32mI (254) cpu_start: Compile time:     Mar 15 2025 15:13:00[0m
[0;32mI (260) cpu_start: ELF file SHA256:  751a063ae...[0m
[0;32mI (266) cpu_start: ESP-IDF:          v5.2.1-dirty[0m
[0;32mI (271) cpu_start: Min chip rev:     v0.0[0m
[0;32mI (276) cpu_start: Max chip rev:     v3.99 [0m
[0;32mI (281) cpu_start: Chip rev:         v3.1[0m
[0;32mI (286) heap_init: Initializing. RAM available for dynamic allocation:[0m
[0;32mI (293) heap_init: At 3FFAE6E0 len 00001920 (6 KiB): DRAM[0m
[0;32mI (299) heap_init: At 3FFB2EB0 len 0002D150 (180 KiB): DRAM[0m
[0;32mI (305) heap_init: At 3FFE0440 len 00003AE0 (14 KiB): D/IRAM[0m
[0;32mI (311) heap_init: At 3FFE4350 len 0001BCB0 (111 KiB): D/IRAM[0m
[0;32mI (318) heap_init: At 4008E480 len 00011B80 (70 KiB): IRAM[0m
[0;32mI (325) spi_flash: detected chip: generic[0m
[0;32mI (329) spi_flash: flash io: dio[0m
[0;33mW (332) spi_flash: Detected size(4096k) larger than the size in the binary image header(2048k). Using the size in the binary image header.[0m
[0;33mW (346) i2c: This driver is an old driver, please migrate your application code to adapt `driver/i2c_master.h`[0m
[0;32mI (357) main_task: Started on CPU0[0m
[0;32mI (367) main_task: Calling app_main()[0m
[0;32mI (367) Main: Starting application[0m
[0;32mI (397) Main: NVS Flash initialized[0m
[0;32mI (397) I2C: Initialized I2C on port 0, SDA: 21, SCL: 22[0m
[0;32mI (397) LCD: Initializing LCD at address 0x27[0m
[0;32mI (697) Keypad: Initialized keypad on I2C port 0, address 0x23[0m
[0;32mI (697) RTC: Initializing DS1307 RTC[0m
[0;32mI (707) RTC: DS1307 detected on I2C bus, control register: 0x00[0m
[0;32mI (707) RTC: DS1307 clock is running normally[0m
[0;32mI (707) RTC: DS1307 RTC initialized successfully, using hardware RTC[0m
[0;32mI (707) RTC: Current time: 12:00:00, Date: 01/01/2023, Day: 1[0m
[0;32mI (717) SplashTask: Took semaphore for splash screen[0m
[0;32mI (727) Storage: Loading parameter Date: from hardware RTC[0m
[0;32mI (727) Main: Tasks created, entering idle[0m
[0;32mI (737) RTC: Loaded date: 16/03/25[0m
[0;32mI (737) Storage: Loading parameter Time: from hardware RTC[0m
[0;32mI (757) RTC: Loaded time: 15:15[0m
[0;32mI (757) Storage: Loading parameter Hi Volt: from EEPROM[0m
[0;32mI (757) EEPROM: Loaded Hi Volt: 255[0m
[0;32mI (757) Keypad: Loaded Lo Volt:: 179 from NVS[0m
[0;32mI (767) Keypad: Loaded R-Low A:: 12 from NVS[0m
[0;32mI (767) Keypad: Loaded Y-Low A:: 1 from NVS[0m
[0;32mI (777) Keypad: Loaded B-Low A:: 1 from NVS[0m
[0;32mI (777) Keypad: Loaded OC %:: 25 from NVS[0m
[0;32mI (787) Keypad: Loaded Alarm:: Disable from NVS[0m
[0;32mI (787) Keypad: Loaded Protect:: ALL  from NVS[0m
[0;32mI (797) Keypad: Loaded Rotate:: Disable from NVS[0m
[0;32mI (797) Keypad: Loaded R On Tm:: 00:00 from NVS[0m
[0;32mI (807) Keypad: Loaded Y On Tm:: 00:00 from NVS[0m
[0;32mI (807) Keypad: Loaded B On Tm:: 00:00 from NVS[0m
[0;32mI (817) Keypad: Loaded R OffTm:: 00:00 from NVS[0m
[0;32mI (817) Keypad: Loaded Y OffTm:: 00:00 from NVS[0m
[0;32mI (827) Keypad: Loaded B OffTm:: 00:00 from NVS[0m
[0;32mI (827) Keypad: Loaded BackSet:: 0 from NVS[0m
[0;32mI (837) Keypad: Loaded BackRise:: 0 from NVS[0m
[0;32mI (837) Keypad: Loaded JanDusk:: 0 from NVS[0m
[0;32mI (847) Keypad: Loaded JanDawn:: 0 from NVS[0m
[0;32mI (847) Keypad: Loaded DecDusk: 0 from NVS[0m
[0;32mI (857) Keypad: Loaded DecDawn: 0 from NVS[0m
[0;32mI (2947) SplashTask: Released semaphore after splash screen[0m
[0;32mI (10567) Keypad: Detected 'A' (Raw: 0x7E)[0m
[0;32mI (12137) Keypad: Detected 'B' (Raw: 0x7D)[0m
[0;32mI (17267) Keypad: Detected 'A' (Raw: 0x7E)[0m
[0;32mI (90117) Keypad: Detected 'A' (Raw: 0x7E)[0m
[0;32mI (92047) Keypad: Detected 'C' (Raw: 0x7B)[0m
[0;32mI (92897) Keypad: Detected 'C' (Raw: 0x7B)[0m
[0;32mI (95817) Keypad: Detected 'A' (Raw: 0x7E)[0m
ets Jul 29 2019 12:21:46

rst:0x1 (POWERON_RESET),boot:0x13 (SPI_FAST_FLASH_BOOT)
configsip: 0, SPIWP:0xee
clk_drv:0x00,q_drv:0x00,d_drv:0x00,cs0_drv:0x00,hd_drv:0x00,wp_drv:0x00
mode:DIO, clock div:2
load:0x3fff0030,len:7172
load:0x40078000,len:15540
load:0x40080400,len:4
ho 8 tail 4 room 4
load:0x40080404,len:3904
entry 0x40080640
[0;32mI (31) boot: ESP-IDF v5.2.1-dirty 2nd stage bootloader[0m
[0;32mI (31) boot: compile time Mar 15 2025 15:13:09[0m
[0;32mI (31) boot: Multicore bootloader[0m
[0;32mI (36) boot: chip revision: v3.1[0m
[0;32mI (40) boot.esp32: SPI Speed      : 40MHz[0m
[0;32mI (44) boot.esp32: SPI Mode       : DIO[0m
[0;32mI (49) boot.esp32: SPI Flash Size : 2MB[0m
[0;32mI (53) boot: Enabling RNG early entropy source...[0m
[0;32mI (59) boot: Partition Table:[0m
[0;32mI (62) boot: ## Label            Usage          Type ST Offset   Length[0m
[0;32mI (70) boot:  0 nvs              WiFi data        01 02 00009000 00006000[0m
[0;32mI (77) boot:  1 phy_init         RF data          01 01 0000f000 00001000[0m
[0;32mI (85) boot:  2 factory          factory app      00 00 00010000 00100000[0m
[0;32mI (92) boot: End of partition table[0m
[0;32mI (96) esp_image: segment 0: paddr=00010020 vaddr=3f400020 size=0f5b4h ( 62900) map[0m
[0;32mI (126) esp_image: segment 1: paddr=0001f5dc vaddr=3ffb0000 size=00a3ch (  2620) load[0m
[0;32mI (128) esp_image: segment 2: paddr=00020020 vaddr=400d0020 size=25b54h (154452) map[0m
[0;32mI (185) esp_image: segment 3: paddr=00045b7c vaddr=3ffb0a3c size=01b20h (  6944) load[0m
[0;32mI (188) esp_image: segment 4: paddr=000476a4 vaddr=40080000 size=0e480h ( 58496) load[0m
[0;32mI (221) boot: Loaded app from partition at offset 0x10000[0m
[0;32mI (221) boot: Disabling RNG early entropy source...[0m
[0;32mI (232) cpu_start: Multicore app[0m
[0;32mI (241) cpu_start: Pro cpu start user code[0m
[0;32mI (241) cpu_start: cpu freq: 160000000 Hz[0m
[0;32mI (241) cpu_start: Application information:[0m
[0;32mI (244) cpu_start: Project name:     keypad_lcd_demo[0m
[0;32mI (250) cpu_start: App version:      1[0m
[0;32mI (254) cpu_start: Compile time:     Mar 15 2025 15:13:00[0m
[0;32mI (260) cpu_start: ELF file SHA256:  751a063ae...[0m
[0;32mI (266) cpu_start: ESP-IDF:          v5.2.1-dirty[0m
[0;32mI (271) cpu_start: Min chip rev:     v0.0[0m
[0;32mI (276) cpu_start: Max chip rev:     v3.99 [0m
[0;32mI (281) cpu_start: Chip rev:         v3.1[0m
[0;32mI (286) heap_init: Initializing. RAM available for dynamic allocation:[0m
[0;32mI (293) heap_init: At 3FFAE6E0 len 00001920 (6 KiB): DRAM[0m
[0;32mI (299) heap_init: At 3FFB2EB0 len 0002D150 (180 KiB): DRAM[0m
[0;32mI (305) heap_init: At 3FFE0440 len 00003AE0 (14 KiB): D/IRAM[0m
[0;32mI (311) heap_init: At 3FFE4350 len 0001BCB0 (111 KiB): D/IRAM[0m
[0;32mI (318) heap_init: At 4008E480 len 00011B80 (70 KiB): IRAM[0m
[0;32mI (325) spi_flash: detected chip: generic[0m
[0;32mI (329) spi_flash: flash io: dio[0m
[0;33mW (332) spi_flash: Detected size(4096k) larger than the size in the binary image header(2048k). Using the size in the binary image header.[0m
[0;33mW (346) i2c: This driver is an old driver, please migrate your application code to adapt `driver/i2c_master.h`[0m
[0;32mI (357) main_task: Started on CPU0[0m
[0;32mI (367) main_task: Calling app_main()[0m
[0;32mI (367) Main: Starting application[0m
[0;32mI (397) Main: NVS Flash initialized[0m
[0;32mI (397) I2C: Initialized I2C on port 0, SDA: 21, SCL: 22[0m
[0;32mI (397) LCD: Initializing LCD at address 0x27[0m
[0;32mI (697) Keypad: Initialized keypad on I2C port 0, address 0x23[0m
[0;32mI (697) RTC: Initializing DS1307 RTC[0m
[0;32mI (707) RTC: DS1307 detected on I2C bus, control register: 0x00[0m
[0;32mI (707) RTC: DS1307 clock is running normally[0m
[0;32mI (707) RTC: DS1307 RTC initialized successfully, using hardware RTC[0m
[0;32mI (707) RTC: Current time: 12:00:00, Date: 01/01/2023, Day: 1[0m
[0;32mI (717) SplashTask: Took semaphore for splash screen[0m
[0;32mI (727) Storage: Loading parameter Date: from hardware RTC[0m
[0;32mI (727) Main: Tasks created, entering idle[0m
[0;32mI (737) RTC: Loaded date: 16/03/25[0m
[0;32mI (737) Storage: Loading parameter Time: from hardware RTC[0m
[0;32mI (757) RTC: Loaded time: 15:16[0m
[0;32mI (757) Storage: Loading parameter Hi Volt: from EEPROM[0m
[0;32mI (757) EEPROM: Loaded Hi Volt: 255[0m
[0;32mI (757) Keypad: Loaded Lo Volt:: 179 from NVS[0m
[0;32mI (767) Keypad: Loaded R-Low A:: 12 from NVS[0m
[0;32mI (767) Keypad: Loaded Y-Low A:: 1 from NVS[0m
[0;32mI (777) Keypad: Loaded B-Low A:: 1 from NVS[0m
[0;32mI (777) Keypad: Loaded OC %:: 25 from NVS[0m
[0;32mI (787) Keypad: Loaded Alarm:: Disable from NVS[0m
[0;32mI (787) Keypad: Loaded Protect:: ALL  from NVS[0m
[0;32mI (797) Keypad: Loaded Rotate:: Disable from NVS[0m
[0;32mI (797) Keypad: Loaded R On Tm:: 00:00 from NVS[0m
[0;32mI (807) Keypad: Loaded Y On Tm:: 00:00 from NVS[0m
[0;32mI (807) Keypad: Loaded B On Tm:: 00:00 from NVS[0m
[0;32mI (817) Keypad: Loaded R OffTm:: 00:00 from NVS[0m
[0;32mI (817) Keypad: Loaded Y OffTm:: 00:00 from NVS[0m
[0;32mI (827) Keypad: Loaded B OffTm:: 00:00 from NVS[0m
[0;32mI (827) Keypad: Loaded BackSet:: 0 from NVS[0m
[0;32mI (837) Keypad: Loaded BackRise:: 0 from NVS[0m
[0;32mI (837) Keypad: Loaded JanDusk:: 0 from NVS[0m
[0;32mI (847) Keypad: Loaded JanDawn:: 0 from NVS[0m
[0;32mI (847) Keypad: Loaded DecDusk: 0 from NVS[0m
[0;32mI (857) Keypad: Loaded DecDawn: 0 from NVS[0m
[0;32mI (2947) SplashTask: Released semaphore after splash screen[0m
[0;32mI (8267) Keypad: Detected 'A' (Raw: 0x7E)[0m
[0;32mI (9777) Keypad: Detected 'B' (Raw: 0x7D)[0m
[0;32mI (18547) Keypad: Detected 'C' (Raw: 0x7B)[0m
[0;32mI (22797) Keypad: Detected '1' (Raw: 0xEE)[0m
[0;31mE (23057) Format: Invalid date format: 1[0m
[0;32mI (25017) Keypad: Detected '5' (Raw: 0xDD)[0m
[0;31mE (25277) Format: Invalid date format: 15[0m
[0;32mI (27877) Keypad: Detected '0' (Raw: 0xD7)[0m
[0;31mE (28137) Format: Invalid date format: 150[0m
[0;32mI (29917) Keypad: Detected '3' (Raw: 0xBE)[0m
[0;31mE (30177) Format: Invalid date format: 1503[0m
[0;32mI (31647) Keypad: Detected '2' (Raw: 0xDE)[0m
[0;31mE (31907) Format: Invalid date format: 15032[0m
[0;32mI (33097) Keypad: Detected '5' (Raw: 0xDD)[0m
[0;32mI (35627) Keypad: Detected '#' (Raw: 0xB7)[0m
[0;32mI (35627) Storage: Storing parameter Date: to hardware RTC[0m
[0;32mI (35637) Storage: Stored date: 15/03/25[0m
[0;32mI (129547) Keypad: Detected '1' (Raw: 0xEE)[0m
[0;32mI (134627) Keypad: Detected 'A' (Raw: 0x7E)[0m
[0;32mI (137377) Keypad: Detected 'A' (Raw: 0x7E)[0m
[0;32mI (139207) Keypad: Detected 'C' (Raw: 0x7B)[0m
[0;32mI (140987) Keypad: Detected '1' (Raw: 0xEE)[0m
[0;31mE (141247) Format: Invalid date format: 1[0m
[0;32mI (144587) Keypad: Detected '5' (Raw: 0xDD)[0m
[0;31mE (144847) Format: Invalid date format: 15[0m
[0;32mI (145757) Keypad: Detected '0' (Raw: 0xD7)[0m
[0;31mE (146017) Format: Invalid date format: 150[0m
[0;32mI (147147) Keypad: Detected '3' (Raw: 0xBE)[0m
[0;31mE (147407) Format: Invalid date format: 1503[0m
[0;32mI (149507) Keypad: Detected '2' (Raw: 0xDE)[0m
[0;31mE (149767) Format: Invalid date format: 15032[0m
[0;32mI (151927) Keypad: Detected '5' (Raw: 0xDD)[0m
