(ï¿½ets Jul 29 2019 12:21:46

rst:0x1 (POWERON_RESET),boot:0x13 (SPI_FAST_FLASH_BOOT)
configsip: 0, SPIWP:0xee
clk_drv:0x00,q_drv:0x00,d_drv:0x00,cs0_drv:0x00,hd_drv:0x00,wp_drv:0x00
mode:DIO, clock div:2
load:0x3fff0030,len:7172
load:0x40078000,len:15540
load:0x40080400,len:4
ho 8 tail 4 room 4
load:0x40080404,len:3904
entry 0x40080640
[0;32mI (31) boot: ESP-IDF v5.2.1-dirty 2nd stage bootloader[0m
[0;32mI (31) boot: compile time Mar 15 2025 15:13:09[0m
[0;32mI (31) boot: Multicore bootloader[0m
[0;32mI (36) boot: chip revision: v3.1[0m
[0;32mI (40) boot.esp32: SPI Speed      : 40MHz[0m
[0;32mI (44) boot.esp32: SPI Mode       : DIO[0m
[0;32mI (49) boot.esp32: SPI Flash Size : 2MB[0m
[0;32mI (53) boot: Enabling RNG early entropy source...[0m
[0;32mI (59) boot: Partition Table:[0m
[0;32mI (62) boot: ## Label            Usage          Type ST Offset   Length[0m
[0;32mI (70) boot:  0 nvs              WiFi data        01 02 00009000 00006000[0m
[0;32mI (77) boot:  1 phy_init         RF data          01 01 0000f000 00001000[0m
[0;32mI (85) boot:  2 factory          factory app      00 00 00010000 00100000[0m
[0;32mI (92) boot: End of partition table[0m
[0;32mI (96) esp_image: segment 0: paddr=00010020 vaddr=3f400020 size=0fac4h ( 64196) map[0m
[0;32mI (127) esp_image: segment 1: paddr=0001faec vaddr=3ffb0000 size=0052ch (  1324) load[0m
[0;32mI (128) esp_image: segment 2: paddr=00020020 vaddr=400d0020 size=27628h (161320) map[0m
[0;32mI (188) esp_image: segment 3: paddr=00047650 vaddr=3ffb052c size=02460h (  9312) load[0m
[0;32mI (192) esp_image: segment 4: paddr=00049ab8 vaddr=40080000 size=0e480h ( 58496) load[0m
[0;32mI (224) boot: Loaded app from partition at offset 0x10000[0m
[0;32mI (224) boot: Disabling RNG early entropy source...[0m
[0;32mI (235) cpu_start: Multicore app[0m
[0;32mI (244) cpu_start: Pro cpu start user code[0m
[0;32mI (244) cpu_start: cpu freq: 160000000 Hz[0m
[0;32mI (244) cpu_start: Application information:[0m
[0;32mI (247) cpu_start: Project name:     keypad_lcd_demo[0m
[0;32mI (253) cpu_start: App version:      1[0m
[0;32mI (257) cpu_start: Compile time:     Mar 15 2025 15:13:00[0m
[0;32mI (263) cpu_start: ELF file SHA256:  2f09801ea...[0m
[0;32mI (269) cpu_start: ESP-IDF:          v5.2.1-dirty[0m
[0;32mI (274) cpu_start: Min chip rev:     v0.0[0m
[0;32mI (279) cpu_start: Max chip rev:     v3.99 [0m
[0;32mI (284) cpu_start: Chip rev:         v3.1[0m
[0;32mI (289) heap_init: Initializing. RAM available for dynamic allocation:[0m
[0;32mI (296) heap_init: At 3FFAE6E0 len 00001920 (6 KiB): DRAM[0m
[0;32mI (302) heap_init: At 3FFB33B8 len 0002CC48 (179 KiB): DRAM[0m
[0;32mI (308) heap_init: At 3FFE0440 len 00003AE0 (14 KiB): D/IRAM[0m
[0;32mI (314) heap_init: At 3FFE4350 len 0001BCB0 (111 KiB): D/IRAM[0m
[0;32mI (321) heap_init: At 4008E480 len 00011B80 (70 KiB): IRAM[0m
[0;32mI (328) spi_flash: detected chip: generic[0m
[0;32mI (331) spi_flash: flash io: dio[0m
[0;33mW (335) spi_flash: Detected size(4096k) larger than the size in the binary image header(2048k). Using the size in the binary image header.[0m
[0;33mW (349) i2c: This driver is an old driver, please migrate your application code to adapt `driver/i2c_master.h`[0m
[0;32mI (360) main_task: Started on CPU0[0m
[0;32mI (370) main_task: Calling app_main()[0m
[0;32mI (370) Main: Starting application[0m
[0;32mI (410) Main: NVS Flash initialized[0m
[0;32mI (410) I2C: Initialized I2C on port 0, SDA: 21, SCL: 22[0m
[0;32mI (410) LCD: Initializing LCD at address 0x27[0m
[0;32mI (720) Keypad: Initialized keypad on I2C port 0, address 0x23[0m
[0;32mI (720) RTC: Initializing DS1307 RTC[0m
[0;32mI (730) RTC: DS1307 detected on I2C bus, control register: 0x00[0m
[0;32mI (730) RTC: DS1307 clock is running normally[0m
[0;32mI (730) RTC: DS1307 RTC initialized successfully, using hardware RTC[0m
[0;32mI (730) RTC: Current time: 12:00:00, Date: 01/01/2023, Day: 1[0m
[0;32mI (740) SplashTask: Took semaphore for splash screen[0m
[0;32mI (750) Storage: Loading parameter 01.Time: from hardware RTC[0m
[0;32mI (750) Main: Tasks created, entering idle[0m
[0;32mI (760) RTC: Loaded time: 16:42[0m
[0;32mI (760) Storage: Loading parameter 02.Date: from hardware RTC[0m
[0;32mI (780) RTC: Loaded date: 17/03/25[0m
[0;32mI (780) Storage: Loading parameter 03.Hi Volt: from EEPROM[0m
[0;32mI (780) Keypad: Loaded 04.Lo Volt:: 180.0 from NVS[0m
[0;32mI (790) Keypad: Loaded 05.R-Low A:: 1.0 from NVS[0m
[0;32mI (790) Keypad: Loaded 06.Y-Low A:: 1.0 from NVS[0m
[0;32mI (800) Keypad: Loaded 07.B-Low A:: 1.0 from NVS[0m
[0;32mI (800) Keypad: Loaded 08.OC %:: 25 from NVS[0m
[0;32mI (810) Keypad: Loaded 09.Alarm:: Disable from NVS[0m
[0;32mI (810) Keypad: Loaded 10.Protect:: ALL  from NVS[0m
[0;32mI (820) Keypad: Loaded 11.Rotate:: Disable from NVS[0m
[0;32mI (820) Keypad: Loaded 12.R On Tm:: 00:00 from NVS[0m
[0;32mI (830) Keypad: Loaded 13.Y On Tm:: 00:00 from NVS[0m
[0;32mI (830) Keypad: Loaded 14.B On Tm:: 00:00 from NVS[0m
[0;32mI (840) Keypad: Loaded 15.R OffTm:: 00:00 from NVS[0m
[0;32mI (840) Keypad: Loaded 16.Y OffTm:: 00:00 from NVS[0m
[0;32mI (850) Keypad: Loaded 17.B OffTm:: 00:00 from NVS[0m
[0;32mI (850) Keypad: Loaded 18.BackSet:: 0 from NVS[0m
[0;32mI (860) Keypad: Loaded 19.BackRise:: 0 from NVS[0m
[0;32mI (860) Keypad: Loaded 20.JanDusk:: 00:00 from NVS[0m
[0;32mI (870) Keypad: Loaded 21.JanDawn:: 00:00 from NVS[0m
[0;32mI (880) Keypad: Loaded 22.DecDusk:: 00:00 from NVS[0m
[0;32mI (880) Keypad: Loaded 23.DecDawn:: 00:00 from NVS[0m
[0;32mI (890) Keypad: Loaded 24.Password:: 00000000 from NVS[0m
[0;32mI (890) Keypad: Loaded 25.PassED:: Disable from NVS[0m
[0;32mI (2970) SplashTask: Released semaphore after splash screen[0m
[0;32mI (6900) Keypad: Detected 'A' (Raw: 0x7E)[0m
[0;32mI (7010) RTC: Refreshed time: 16:42[0m
[0;32mI (9120) Keypad: Detected 'B' (Raw: 0x7D)[0m
[0;32mI (11480) Keypad: Detected 'C' (Raw: 0x7B)[0m
[0;32mI (14770) Keypad: Detected '1' (Raw: 0xEE)[0m
[0;32mI (16540) Keypad: Detected '2' (Raw: 0xDE)[0m
[0;32mI (17090) Keypad: Detected '3' (Raw: 0xBE)[0m
[0;32mI (19440) Keypad: Detected '*' (Raw: 0xE7)[0m
[0;32mI (20100) Keypad: Detected '4' (Raw: 0xED)[0m
[0;32mI (20960) Keypad: Detected '#' (Raw: 0xB7)[0m
