ets Jul 29 2019 12:21:46

rst:0x1 (POWERON_RESET),boot:0x13 (SPI_FAST_FLASH_BOOT)
configsip: 0, SPIWP:0xee
clk_drv:0x00,q_drv:0x00,d_drv:0x00,cs0_drv:0x00,hd_drv:0x00,wp_drv:0x00
mode:DIO, clock div:2
load:0x3fff0030,len:7172
load:0x40078000,len:15540
load:0x40080400,len:4
ho 8 tail 4 room 4
load:0x40080404,len:3904
entry 0x40080640
[0;32mI (31) boot: ESP-IDF v5.2.1-dirty 2nd stage bootloader[0m
[0;32mI (31) boot: compile time Mar 15 2025 15:13:09[0m
[0;32mI (31) boot: Multicore bootloader[0m
[0;32mI (36) boot: chip revision: v3.1[0m
[0;32mI (40) boot.esp32: SPI Speed      : 40MHz[0m
[0;32mI (44) boot.esp32: SPI Mode       : DIO[0m
[0;32mI (49) boot.esp32: SPI Flash Size : 2MB[0m
[0;32mI (53) boot: Enabling RNG early entropy source...[0m
[0;32mI (59) boot: Partition Table:[0m
[0;32mI (62) boot: ## Label            Usage          Type ST Offset   Length[0m
[0;32mI (70) boot:  0 nvs              WiFi data        01 02 00009000 00006000[0m
[0;32mI (77) boot:  1 phy_init         RF data          01 01 0000f000 00001000[0m
[0;32mI (85) boot:  2 factory          factory app      00 00 00010000 00100000[0m
[0;32mI (92) boot: End of partition table[0m
[0;32mI (96) esp_image: segment 0: paddr=00010020 vaddr=3f400020 size=0f5c4h ( 62916) map[0m
[0;32mI (126) esp_image: segment 1: paddr=0001f5ec vaddr=3ffb0000 size=00a2ch (  2604) load[0m
[0;32mI (128) esp_image: segment 2: paddr=00020020 vaddr=400d0020 size=25704h (153348) map[0m
[0;32mI (185) esp_image: segment 3: paddr=0004572c vaddr=3ffb0a2c size=01f50h (  8016) load[0m
[0;32mI (188) esp_image: segment 4: paddr=00047684 vaddr=40080000 size=0e480h ( 58496) load[0m
[0;32mI (221) boot: Loaded app from partition at offset 0x10000[0m
[0;32mI (221) boot: Disabling RNG early entropy source...[0m
[0;32mI (232) cpu_start: Multicore app[0m
[0;32mI (241) cpu_start: Pro cpu start user code[0m
[0;32mI (241) cpu_start: cpu freq: 160000000 Hz[0m
[0;32mI (241) cpu_start: Application information:[0m
[0;32mI (244) cpu_start: Project name:     keypad_lcd_demo[0m
[0;32mI (250) cpu_start: App version:      1[0m
[0;32mI (254) cpu_start: Compile time:     Mar 15 2025 15:13:00[0m
[0;32mI (260) cpu_start: ELF file SHA256:  0d45b57b9...[0m
[0;32mI (265) cpu_start: ESP-IDF:          v5.2.1-dirty[0m
[0;32mI (271) cpu_start: Min chip rev:     v0.0[0m
[0;32mI (276) cpu_start: Max chip rev:     v3.99 [0m
[0;32mI (280) cpu_start: Chip rev:         v3.1[0m
[0;32mI (285) heap_init: Initializing. RAM available for dynamic allocation:[0m
[0;32mI (293) heap_init: At 3FFAE6E0 len 00001920 (6 KiB): DRAM[0m
[0;32mI (298) heap_init: At 3FFB32E0 len 0002CD20 (179 KiB): DRAM[0m
[0;32mI (305) heap_init: At 3FFE0440 len 00003AE0 (14 KiB): D/IRAM[0m
[0;32mI (311) heap_init: At 3FFE4350 len 0001BCB0 (111 KiB): D/IRAM[0m
[0;32mI (317) heap_init: At 4008E480 len 00011B80 (70 KiB): IRAM[0m
[0;32mI (325) spi_flash: detected chip: generic[0m
[0;32mI (328) spi_flash: flash io: dio[0m
[0;33mW (332) spi_flash: Detected size(4096k) larger than the size in the binary image header(2048k). Using the size in the binary image header.[0m
[0;33mW (346) i2c: This driver is an old driver, please migrate your application code to adapt `driver/i2c_master.h`[0m
[0;32mI (357) main_task: Started on CPU0[0m
[0;32mI (367) main_task: Calling app_main()[0m
[0;32mI (367) Main: Starting application[0m
[0;32mI (397) Main: NVS Flash initialized[0m
[0;32mI (397) I2C: Initialized I2C on port 0, SDA: 21, SCL: 22[0m
[0;32mI (397) LCD: Initializing LCD at address 0x27[0m
[0;32mI (697) Keypad: Initialized keypad on I2C port 0, address 0x23[0m
[0;32mI (697) RTC: Initializing DS1307 RTC[0m
[0;32mI (707) RTC: DS1307 detected on I2C bus, control register: 0x00[0m
[0;32mI (707) RTC: DS1307 clock is running normally[0m
[0;32mI (707) RTC: DS1307 RTC initialized successfully, using hardware RTC[0m
[0;32mI (707) RTC: Current time: 12:00:00, Date: 01/01/2023, Day: 1[0m
[0;32mI (717) SplashTask: Took semaphore for splash screen[0m
[0;32mI (727) Storage: Loading parameter 01.Time: from hardware RTC[0m
[0;32mI (727) Main: Tasks created, entering idle[0m
[0;32mI (737) RTC: Loaded time: 11:57[0m
[0;32mI (737) Storage: Loading parameter 02.Date: from hardware RTC[0m
[0;32mI (757) RTC: Loaded date: 17/03/25[0m
[0;32mI (757) Storage: Loading parameter 03.Hi Volt: from EEPROM[0m
[0;32mI (757) Keypad: Error loading from NVS. Default value 04.Lo Volt:: 180.0[0m
[0;32mI (767) Keypad: Error loading from NVS. Default value 05.R-Low A:: 1.0[0m
[0;32mI (767) Keypad: Error loading from NVS. Default value 06.Y-Low A:: 1.0[0m
[0;32mI (777) Keypad: Error loading from NVS. Default value 07.B-Low A:: 1.0[0m
[0;32mI (787) Keypad: Error loading from NVS. Default value 08.OC %:: 25[0m
[0;32mI (787) Keypad: Error loading from NVS. Default value 09.Alarm:: 0[0m
[0;32mI (797) Keypad: Error loading from NVS. Default value 10.Protect:: 0[0m
[0;32mI (807) Keypad: Error loading from NVS. Default value 11.Rotate:: 0[0m
[0;32mI (817) Keypad: Error loading from NVS. Default value 12.R On Tm:: 0000[0m
[0;32mI (817) Keypad: Error loading from NVS. Default value 13.Y On Tm:: 0000[0m
[0;32mI (827) Keypad: Error loading from NVS. Default value 14.B On Tm:: 0000[0m
[0;32mI (837) Keypad: Error loading from NVS. Default value 15.R OffTm:: 0000[0m
[0;32mI (837) Keypad: Error loading from NVS. Default value 16.Y OffTm:: 0000[0m
[0;32mI (847) Keypad: Error loading from NVS. Default value 17.B OffTm:: 0000[0m
[0;32mI (857) Keypad: Error loading from NVS. Default value 18.BackSet:: 0[0m
[0;32mI (867) Keypad: Error loading from NVS. Default value 19.BackRise:: 0[0m
[0;32mI (867) Keypad: Error loading from NVS. Default value 20.JanDusk:: 0000[0m
[0;32mI (877) Keypad: Error loading from NVS. Default value 21.JanDawn:: 0000[0m
[0;32mI (887) Keypad: Error loading from NVS. Default value 22.DecDusk:: 0000[0m
[0;32mI (887) Keypad: Error loading from NVS. Default value 23.DecDawn:: 0000[0m
[0;32mI (897) Keypad: Error loading from NVS. Default value 24.Password:: 00000000[0m
[0;32mI (907) Keypad: Error loading from NVS. Default value 25.PassED:: 0[0m
[0;32mI (2947) SplashTask: Released semaphore after splash screen[0m
[0;32mI (6067) Keypad: Detected 'A' (Raw: 0x7E)[0m
[0;32mI (8337) Keypad: Detected 'C' (Raw: 0x7B)[0m
[0;32mI (10527) Keypad: Detected 'C' (Raw: 0x7B)[0m
[0;32mI (11057) Keypad: Detected 'C' (Raw: 0x7B)[0m
[0;32mI (12227) Keypad: Detected 'B' (Raw: 0x7D)[0m
[0;32mI (12907) Keypad: Detected 'B' (Raw: 0x7D)[0m
[0;32mI (13237) Keypad: Detected 'B' (Raw: 0x7D)[0m
[0;32mI (15407) Keypad: Detected 'A' (Raw: 0x7E)[0m
[0;32mI (16097) Keypad: Detected 'A' (Raw: 0x7E)[0m
[0;32mI (17287) Keypad: Detected 'A' (Raw: 0x7E)[0m
[0;32mI (17597) Keypad: Detected 'A' (Raw: 0x7E)[0m
[0;32mI (17907) Keypad: Detected 'A' (Raw: 0x7E)[0m
[0;32mI (19657) Keypad: Detected 'C' (Raw: 0x7B)[0m
[0;32mI (20027) Keypad: Detected 'C' (Raw: 0x7B)[0m
[0;32mI (37307) Keypad: Detected 'A' (Raw: 0x7E)[0m
[0;32mI (41117) Keypad: Detected '1' (Raw: 0xEE)[0m
[0;32mI (42197) Keypad: Detected '1' (Raw: 0xEE)[0m
[0;32mI (42507) Keypad: Detected '1' (Raw: 0xEE)[0m
[0;32mI (43347) Keypad: Detected '1' (Raw: 0xEE)[0m
[0;32mI (43657) Keypad: Detected '1' (Raw: 0xEE)[0m
[0;32mI (43967) Keypad: Detected '1' (Raw: 0xEE)[0m
[0;32mI (45027) Keypad: Detected '5' (Raw: 0xDD)[0m
[0;32mI (45377) Keypad: Detected '5' (Raw: 0xDD)[0m
[0;32mI (46777) Keypad: Detected '8' (Raw: 0xDB)[0m
[0;32mI (47087) Keypad: Detected '8' (Raw: 0xDB)[0m
[0;32mI (49277) Keypad: Detected 'A' (Raw: 0x7E)[0m
[0;32mI (49587) Keypad: Detected 'A' (Raw: 0x7E)[0m
[0;32mI (94637) Keypad: Detected 'A' (Raw: 0x7E)[0m
[0;32mI (112637) Keypad: Detected 'A' (Raw: 0x7E)[0m
[0;32mI (164597) Keypad: Detected 'A' (Raw: 0x7E)[0m
[0;32mI (164947) Keypad: Detected 'A' (Raw: 0x7E)[0m
[0;32mI (165257) Keypad: Detected 'A' (Raw: 0x7E)[0m
[0;32mI (166707) Keypad: Detected 'D' (Raw: 0x77)[0m
[0;32mI (167017) Keypad: Detected 'D' (Raw: 0x77)[0m
[0;32mI (167747) Keypad: Detected 'D' (Raw: 0x77)[0m
[0;32mI (168167) Keypad: Detected 'D' (Raw: 0x77)[0m
